Archive member included to satisfy reference by file (symbol)

..\library.a(stm32f429i_discovery_lcd.o)
                              obj\debug\main.o (BSP_LCD_SetTextColor)
..\library.a(stm32f429i_discovery_sdram.o)
                              ..\library.a(stm32f429i_discovery_lcd.o) (BSP_SDRAM_Init)
..\library.a(stm32f4xx_hal.o)
                              ..\library.a(stm32f429i_discovery_sdram.o) (HAL_Delay)
..\library.a(stm32f4xx_hal_cortex.o)
                              ..\library.a(stm32f4xx_hal.o) (HAL_NVIC_SetPriorityGrouping)
..\library.a(stm32f4xx_hal_dma.o)
                              ..\library.a(stm32f429i_discovery_sdram.o) (HAL_DMA_Init)
..\library.a(stm32f4xx_hal_dma2d.o)
                              ..\library.a(stm32f429i_discovery_lcd.o) (HAL_DMA2D_Init)
..\library.a(stm32f4xx_hal_gpio.o)
                              ..\library.a(stm32f429i_discovery_lcd.o) (HAL_GPIO_Init)
..\library.a(stm32f4xx_hal_ltdc.o)
                              ..\library.a(stm32f429i_discovery_lcd.o) (HAL_LTDC_Init)
..\library.a(stm32f4xx_hal_rcc.o)
                              ..\library.a(stm32f4xx_hal.o) (HAL_RCC_GetHCLKFreq)
..\library.a(stm32f4xx_hal_rcc_ex.o)
                              ..\library.a(stm32f429i_discovery_lcd.o) (HAL_RCCEx_PeriphCLKConfig)
..\library.a(stm32f4xx_hal_sdram.o)
                              ..\library.a(stm32f429i_discovery_sdram.o) (HAL_SDRAM_Init)
..\library.a(stm32f4xx_ll_fmc.o)
                              ..\library.a(stm32f4xx_hal_sdram.o) (FMC_SDRAM_Init)
..\library.a(initialize.o)    obj\debug\main.o (InitializeHardware)
..\library.a(startup_stm32f429xx.o)
                              ..\library.a(initialize.o) (Reset_Handler)
..\library.a(stm32f4xx_it.o)  ..\library.a(initialize.o) (IncludeThis)
..\library.a(lcd_log.o)       ..\library.a(initialize.o) (LCD_LOG_Init)
..\library.a(ili9341.o)       ..\library.a(stm32f429i_discovery_lcd.o) (ili9341_drv)
..\library.a(stm32f429i_discovery.o)
                              ..\library.a(initialize.o) (BSP_PB_Init)
..\library.a(system_stm32f4xx.o)
                              ..\library.a(startup_stm32f429xx.o) (SystemInit)
..\library.a(stm32f4xx_hal_i2c.o)
                              ..\library.a(stm32f429i_discovery.o) (HAL_I2C_Init)
..\library.a(stm32f4xx_hal_pwr_ex.o)
                              ..\library.a(initialize.o) (HAL_PWREx_EnableOverDrive)
..\library.a(stm32f4xx_hal_spi.o)
                              ..\library.a(stm32f429i_discovery.o) (HAL_SPI_Init)
c:/program files (x86)/embitz/1.00/share/em_armgcc/bin/../lib/gcc/arm-none-eabi/5.4.1/armv7e-m/fpu\libgcc.a(_arm_addsubsf3.o)
                              obj\debug\main.o (__aeabi_l2f)
c:/program files (x86)/embitz/1.00/share/em_armgcc/bin/../lib/gcc/arm-none-eabi/5.4.1/armv7e-m/fpu\libgcc.a(_aeabi_ldivmod.o)
                              obj\debug\main.o (__aeabi_ldivmod)
c:/program files (x86)/embitz/1.00/share/em_armgcc/bin/../lib/gcc/arm-none-eabi/5.4.1/armv7e-m/fpu\libgcc.a(_fixsfdi.o)
                              obj\debug\main.o (__aeabi_f2lz)
c:/program files (x86)/embitz/1.00/share/em_armgcc/bin/../lib/gcc/arm-none-eabi/5.4.1/armv7e-m/fpu\libgcc.a(_fixunssfdi.o)
                              c:/program files (x86)/embitz/1.00/share/em_armgcc/bin/../lib/gcc/arm-none-eabi/5.4.1/armv7e-m/fpu\libgcc.a(_fixsfdi.o) (__aeabi_f2ulz)
c:/program files (x86)/embitz/1.00/share/em_armgcc/bin/../lib/gcc/arm-none-eabi/5.4.1/armv7e-m/fpu\libgcc.a(_udivmoddi4.o)
                              c:/program files (x86)/embitz/1.00/share/em_armgcc/bin/../lib/gcc/arm-none-eabi/5.4.1/armv7e-m/fpu\libgcc.a(_aeabi_ldivmod.o) (__udivmoddi4)
c:/program files (x86)/embitz/1.00/share/em_armgcc/bin/../lib/gcc/arm-none-eabi/5.4.1/armv7e-m/fpu\libgcc.a(_dvmd_tls.o)
                              c:/program files (x86)/embitz/1.00/share/em_armgcc/bin/../lib/gcc/arm-none-eabi/5.4.1/armv7e-m/fpu\libgcc.a(_aeabi_ldivmod.o) (__aeabi_ldiv0)
c:/program files (x86)/embitz/1.00/share/em_armgcc/bin/../lib/gcc/arm-none-eabi/5.4.1/armv7e-m/fpu\libgcc.a(_arm_addsubdf3.o)
                              c:/program files (x86)/embitz/1.00/share/em_armgcc/bin/../lib/gcc/arm-none-eabi/5.4.1/armv7e-m/fpu\libgcc.a(_fixunssfdi.o) (__aeabi_dsub)
c:/program files (x86)/embitz/1.00/share/em_armgcc/bin/../lib/gcc/arm-none-eabi/5.4.1/armv7e-m/fpu\libgcc.a(_arm_muldivdf3.o)
                              c:/program files (x86)/embitz/1.00/share/em_armgcc/bin/../lib/gcc/arm-none-eabi/5.4.1/armv7e-m/fpu\libgcc.a(_fixunssfdi.o) (__aeabi_dmul)
c:/program files (x86)/embitz/1.00/share/em_armgcc/bin/../lib/gcc/arm-none-eabi/5.4.1/armv7e-m/fpu\libgcc.a(_arm_fixunsdfsi.o)
                              c:/program files (x86)/embitz/1.00/share/em_armgcc/bin/../lib/gcc/arm-none-eabi/5.4.1/armv7e-m/fpu\libgcc.a(_fixunssfdi.o) (__aeabi_d2uiz)
[...]
Memory Configuration

Name             Origin             Length             Attributes
ROM              0x08000000         0x00200000         xr
RAM              0x20000000         0x00030000         xrw
CCRAM            0x10000000         0x00010000         xrw
*default*        0x00000000         0xffffffff

Linker script and memory map

                0x00000200                __HEAP_SIZE = 0x200
                0x00000400                __STACK_SIZE = 0x400

.text           0x08000000     0x8c68
 *(.isr_vector)
 .isr_vector    0x08000000      0x1ac ..\library.a(startup_stm32f429xx.o)
                0x08000000                __isr_vector
 *(.text*)
 .text          0x080001ac       0x78 obj\debug\q32poly.o
                0x080001ac                Q32Poly
                0x080001fc                Q32Product
 .text.startup.main
                0x08000224      0x168 obj\debug\main.o
                0x08000224                main
 .text.FillBuffer
                0x0800038c       0x64 ..\library.a(stm32f429i_discovery_lcd.o)
 .text.BSP_LCD_Init
                0x080003f0      0x1dc ..\library.a(stm32f429i_discovery_lcd.o)
                0x080003f0                BSP_LCD_Init
 .text.BSP_LCD_GetXSize
                0x080005cc       0x10 ..\library.a(stm32f429i_discovery_lcd.o)
                0x080005cc                BSP_LCD_GetXSize
 .text.BSP_LCD_GetYSize
                0x080005dc       0x10 ..\library.a(stm32f429i_discovery_lcd.o)
                0x080005dc                BSP_LCD_GetYSize
 .text.BSP_LCD_LayerDefaultInit
                0x080005ec       0x80 ..\library.a(stm32f429i_discovery_lcd.o)
                0x080005ec                BSP_LCD_LayerDefaultInit
 .text.BSP_LCD_SelectLayer
                0x0800066c        0xc ..\library.a(stm32f429i_discovery_lcd.o)
                0x0800066c                BSP_LCD_SelectLayer
 .text.BSP_LCD_SetTextColor
                0x08000678       0x18 ..\library.a(stm32f429i_discovery_lcd.o)
                0x08000678                BSP_LCD_SetTextColor
 .text.BSP_LCD_SetBackColor
                0x08000690       0x18 ..\library.a(stm32f429i_discovery_lcd.o)
                0x08000690                BSP_LCD_SetBackColor
 .text.BSP_LCD_SetFont
                0x080006a8       0x18 ..\library.a(stm32f429i_discovery_lcd.o)
                0x080006a8                BSP_LCD_SetFont
 .text.BSP_LCD_Clear
                0x080006c0       0x3c ..\library.a(stm32f429i_discovery_lcd.o)
                0x080006c0                BSP_LCD_Clear
 .text.BSP_LCD_FillRect
                0x080006fc       0x5c ..\library.a(stm32f429i_discovery_lcd.o)
                0x080006fc                BSP_LCD_FillRect
 .text.BSP_LCD_DisplayOn
                0x08000758       0x14 ..\library.a(stm32f429i_discovery_lcd.o)
                0x08000758                BSP_LCD_DisplayOn
 .text.BSP_LCD_DrawPixel
                0x0800076c       0x2c ..\library.a(stm32f429i_discovery_lcd.o)
                0x0800076c                BSP_LCD_DrawPixel
 .text.BSP_LCD_DisplayChar
                0x08000798       0xd8 ..\library.a(stm32f429i_discovery_lcd.o)
                0x08000798                BSP_LCD_DisplayChar
 .text.BSP_LCD_DisplayStringAt
                0x08000870       0xb4 ..\library.a(stm32f429i_discovery_lcd.o)
                0x08000870                BSP_LCD_DisplayStringAt
 .text.BSP_LCD_DrawLine
                0x08000924       0xf0 ..\library.a(stm32f429i_discovery_lcd.o)
                0x08000924                BSP_LCD_DrawLine
 .text.BSP_SDRAM_Initialization_sequence
                0x08000a14       0x9c ..\library.a(stm32f429i_discovery_sdram.o)
                0x08000a14                BSP_SDRAM_Initialization_sequence
 .text.BSP_SDRAM_Init
                0x08000ab0      0x1d8 ..\library.a(stm32f429i_discovery_sdram.o)
                0x08000ab0                BSP_SDRAM_Init
 .text.HAL_MspInit
                0x08000c88        0x2 ..\library.a(stm32f4xx_hal.o)
                0x08000c88                HAL_MspInit
 .text.HAL_InitTick
                0x08000c8a       0x24 ..\library.a(stm32f4xx_hal.o)
                0x08000c8a                HAL_InitTick
 *fill*         0x08000cae        0x2 
 .text.HAL_Init
                0x08000cb0       0x34 ..\library.a(stm32f4xx_hal.o)
                0x08000cb0                HAL_Init
 .text.HAL_IncTick
                0x08000ce4       0x10 ..\library.a(stm32f4xx_hal.o)
                0x08000ce4                HAL_IncTick
 .text.HAL_GetTick
                0x08000cf4        0xc ..\library.a(stm32f4xx_hal.o)
                0x08000cf4                HAL_GetTick
 .text.HAL_Delay
                0x08000d00       0x1a ..\library.a(stm32f4xx_hal.o)
                0x08000d00                HAL_Delay
 *fill*         0x08000d1a        0x2 
 .text.HAL_NVIC_SetPriorityGrouping
                0x08000d1c       0x24 ..\library.a(stm32f4xx_hal_cortex.o)
                0x08000d1c                HAL_NVIC_SetPriorityGrouping
 .text.HAL_NVIC_SetPriority
                0x08000d40       0x64 ..\library.a(stm32f4xx_hal_cortex.o)
                0x08000d40                HAL_NVIC_SetPriority
 .text.HAL_NVIC_EnableIRQ
                0x08000da4       0x18 ..\library.a(stm32f4xx_hal_cortex.o)
                0x08000da4                HAL_NVIC_EnableIRQ
 .text.HAL_SYSTICK_Config
                0x08000dbc       0x2c ..\library.a(stm32f4xx_hal_cortex.o)
                0x08000dbc                HAL_SYSTICK_Config
 .text.HAL_DMA_Init
                0x08000de8       0x74 ..\library.a(stm32f4xx_hal_dma.o)
                0x08000de8                HAL_DMA_Init
 .text.HAL_DMA_DeInit
                0x08000e5c      0x414 ..\library.a(stm32f4xx_hal_dma.o)
                0x08000e5c                HAL_DMA_DeInit
 .text.DMA2D_SetConfig
                0x08001270       0x8a ..\library.a(stm32f4xx_hal_dma2d.o)
 .text.HAL_DMA2D_MspInit
                0x080012fa        0x2 ..\library.a(stm32f4xx_hal_dma2d.o)
                0x080012fa                HAL_DMA2D_MspInit
 .text.HAL_DMA2D_Init
                0x080012fc       0x5c ..\library.a(stm32f4xx_hal_dma2d.o)
                0x080012fc                HAL_DMA2D_Init
 .text.HAL_DMA2D_Start
                0x08001358       0x40 ..\library.a(stm32f4xx_hal_dma2d.o)
                0x08001358                HAL_DMA2D_Start
 .text.HAL_DMA2D_PollForTransfer
                0x08001398       0xc8 ..\library.a(stm32f4xx_hal_dma2d.o)
                0x08001398                HAL_DMA2D_PollForTransfer
 .text.HAL_DMA2D_ConfigLayer
                0x08001460       0xdc ..\library.a(stm32f4xx_hal_dma2d.o)
                0x08001460                HAL_DMA2D_ConfigLayer
 .text.HAL_GPIO_Init
                0x0800153c      0x19c ..\library.a(stm32f4xx_hal_gpio.o)
                0x0800153c                HAL_GPIO_Init
 .text.HAL_GPIO_WritePin
                0x080016d8        0x8 ..\library.a(stm32f4xx_hal_gpio.o)
                0x080016d8                HAL_GPIO_WritePin
 .text.LTDC_SetConfig
                0x080016e0      0x170 ..\library.a(stm32f4xx_hal_ltdc.o)
 .text.HAL_LTDC_MspInit
                0x08001850        0x2 ..\library.a(stm32f4xx_hal_ltdc.o)
                0x08001850                HAL_LTDC_MspInit
 *fill*         0x08001852        0x2 
 .text.HAL_LTDC_Init
                0x08001854      0x104 ..\library.a(stm32f4xx_hal_ltdc.o)
                0x08001854                HAL_LTDC_Init
 .text.HAL_LTDC_ConfigLayer
                0x08001958       0x56 ..\library.a(stm32f4xx_hal_ltdc.o)
                0x08001958                HAL_LTDC_ConfigLayer
 *fill*         0x080019ae        0x2 
 .text.HAL_LTDC_EnableDither
                0x080019b0       0x34 ..\library.a(stm32f4xx_hal_ltdc.o)
                0x080019b0                HAL_LTDC_EnableDither
 .text.HAL_RCC_OscConfig
                0x080019e4      0x304 ..\library.a(stm32f4xx_hal_rcc.o)
                0x080019e4                HAL_RCC_OscConfig
 .text.HAL_RCC_ClockConfig
                0x08001ce8      0x208 ..\library.a(stm32f4xx_hal_rcc.o)
                0x08001ce8                HAL_RCC_ClockConfig
 .text.HAL_RCC_GetSysClockFreq
                0x08001ef0       0x8c ..\library.a(stm32f4xx_hal_rcc.o)
                0x08001ef0                HAL_RCC_GetSysClockFreq
 .text.HAL_RCC_GetHCLKFreq
                0x08001f7c       0x38 ..\library.a(stm32f4xx_hal_rcc.o)
                0x08001f7c                HAL_RCC_GetHCLKFreq
 .text.HAL_RCCEx_PeriphCLKConfig
                0x08001fb4      0x2d8 ..\library.a(stm32f4xx_hal_rcc_ex.o)
                0x08001fb4                HAL_RCCEx_PeriphCLKConfig
 .text.HAL_SDRAM_MspInit
                0x0800228c        0x2 ..\library.a(stm32f4xx_hal_sdram.o)
                0x0800228c                HAL_SDRAM_MspInit
 .text.HAL_SDRAM_Init
                0x0800228e       0x40 ..\library.a(stm32f4xx_hal_sdram.o)
                0x0800228e                HAL_SDRAM_Init
 .text.HAL_SDRAM_SendCommand
                0x080022ce       0x2e ..\library.a(stm32f4xx_hal_sdram.o)
                0x080022ce                HAL_SDRAM_SendCommand
 .text.HAL_SDRAM_ProgramRefreshRate
                0x080022fc       0x24 ..\library.a(stm32f4xx_hal_sdram.o)
                0x080022fc                HAL_SDRAM_ProgramRefreshRate
 .text.FMC_SDRAM_Init
                0x08002320       0x84 ..\library.a(stm32f4xx_ll_fmc.o)
                0x08002320                FMC_SDRAM_Init
 .text.FMC_SDRAM_Timing_Init
                0x080023a4       0x8a ..\library.a(stm32f4xx_ll_fmc.o)
                0x080023a4                FMC_SDRAM_Timing_Init
 .text.FMC_SDRAM_SendCommand
                0x0800242e       0x4c ..\library.a(stm32f4xx_ll_fmc.o)
                0x0800242e                FMC_SDRAM_SendCommand
 .text.FMC_SDRAM_ProgramRefreshRate
                0x0800247a        0xc ..\library.a(stm32f4xx_ll_fmc.o)
                0x0800247a                FMC_SDRAM_ProgramRefreshRate
 *fill*         0x08002486        0x2 
 .text.InitializeHardware
                0x08002488      0x10c ..\library.a(initialize.o)
                0x08002488                InitializeHardware
 .text          0x08002594      0x118 ..\library.a(startup_stm32f429xx.o)
                0x08002594                Reset_Handler
                0x080025c4                _start
                0x080025e4                HardFault_Handler
                0x080025e6                MemManage_Handler
                0x080025e8                BusFault_Handler
                0x080025ea                UsageFault_Handler
                0x080025ec                Default_Handler
                0x080025ee                WWDG_IRQHandler
                0x080025f0                PVD_IRQHandler
                0x080025f2                TAMP_STAMP_IRQHandler
                0x080025f4                RTC_WKUP_IRQHandler
                0x080025f6                FLASH_IRQHandler
                0x080025f8                RCC_IRQHandler
                0x080025fa                EXTI0_IRQHandler
                0x080025fc                EXTI1_IRQHandler
                0x080025fe                EXTI2_IRQHandler
                0x08002600                EXTI3_IRQHandler
                0x08002602                EXTI4_IRQHandler
                0x08002604                DMA1_Stream0_IRQHandler
                0x08002606                DMA1_Stream1_IRQHandler
                0x08002608                DMA1_Stream2_IRQHandler
                0x0800260a                DMA1_Stream3_IRQHandler
                0x0800260c                DMA1_Stream4_IRQHandler
                0x0800260e                DMA1_Stream5_IRQHandler
                0x08002610                DMA1_Stream6_IRQHandler
                0x08002612                ADC_IRQHandler
                0x08002614                CAN1_TX_IRQHandler
                0x08002616                CAN1_RX0_IRQHandler
                0x08002618                CAN1_RX1_IRQHandler
                0x0800261a                CAN1_SCE_IRQHandler
                0x0800261c                EXTI9_5_IRQHandler
                0x0800261e                TIM1_BRK_TIM9_IRQHandler
                0x08002620                TIM1_UP_TIM10_IRQHandler
                0x08002622                TIM1_TRG_COM_TIM11_IRQHandler
                0x08002624                TIM1_CC_IRQHandler
                0x08002626                TIM2_IRQHandler
                0x08002628                TIM3_IRQHandler
                0x0800262a                TIM4_IRQHandler
                0x0800262c                I2C1_EV_IRQHandler
                0x0800262e                I2C1_ER_IRQHandler
                0x08002630                I2C2_EV_IRQHandler
                0x08002632                I2C2_ER_IRQHandler
                0x08002634                SPI1_IRQHandler
                0x08002636                SPI2_IRQHandler
                0x08002638                USART1_IRQHandler
                0x0800263a                USART2_IRQHandler
                0x0800263c                USART3_IRQHandler
                0x0800263e                EXTI15_10_IRQHandler
                0x08002640                RTC_Alarm_IRQHandler
                0x08002642                OTG_FS_WKUP_IRQHandler
                0x08002644                TIM8_BRK_TIM12_IRQHandler
                0x08002646                TIM8_UP_TIM13_IRQHandler
                0x08002648                TIM8_TRG_COM_TIM14_IRQHandler
                0x0800264a                TIM8_CC_IRQHandler
                0x0800264c                DMA1_Stream7_IRQHandler
                0x0800264e                FSMC_IRQHandler
                0x08002650                SDIO_IRQHandler
                0x08002652                TIM5_IRQHandler
                0x08002654                SPI3_IRQHandler
                0x08002656                UART4_IRQHandler
                0x08002658                UART5_IRQHandler
                0x0800265a                TIM6_DAC_IRQHandler
                0x0800265c                TIM7_IRQHandler
                0x0800265e                DMA2_Stream0_IRQHandler
                0x08002660                DMA2_Stream1_IRQHandler
                0x08002662                DMA2_Stream2_IRQHandler
                0x08002664                DMA2_Stream3_IRQHandler
                0x08002666                DMA2_Stream4_IRQHandler
                0x08002668                ETH_IRQHandler
                0x0800266a                ETH_WKUP_IRQHandler
                0x0800266c                CAN2_TX_IRQHandler
                0x0800266e                CAN2_RX0_IRQHandler
                0x08002670                CAN2_RX1_IRQHandler
                0x08002672                CAN2_SCE_IRQHandler
                0x08002674                OTG_FS_IRQHandler
                0x08002676                DMA2_Stream5_IRQHandler
                0x08002678                DMA2_Stream6_IRQHandler
                0x0800267a                DMA2_Stream7_IRQHandler
                0x0800267c                USART6_IRQHandler
                0x0800267e                I2C3_EV_IRQHandler
                0x08002680                I2C3_ER_IRQHandler
                0x08002682                OTG_HS_EP1_OUT_IRQHandler
                0x08002684                OTG_HS_EP1_IN_IRQHandler
                0x08002686                OTG_HS_WKUP_IRQHandler
                0x08002688                OTG_HS_IRQHandler
                0x0800268a                DCMI_IRQHandler
                0x0800268c                CRYP_IRQHandler
                0x0800268e                HASH_RNG_IRQHandler
                0x08002690                FPU_IRQHandler
                0x08002692                UART7_IRQHandler
                0x08002694                UART8_IRQHandler
                0x08002696                SPI4_IRQHandler
                0x08002698                SPI5_IRQHandler
                0x0800269a                SPI6_IRQHandler
                0x0800269c                SAI1_IRQHandler
                0x0800269e                LTDC_IRQHandler
                0x080026a0                LTDC_ER_IRQHandler
                0x080026a2                DMA2D_IRQHandler
 .text.NMI_Handler
                0x080026ac        0x2 ..\library.a(stm32f4xx_it.o)
                0x080026ac                NMI_Handler
 .text.SVC_Handler
                0x080026ae        0x2 ..\library.a(stm32f4xx_it.o)
                0x080026ae                SVC_Handler
 .text.DebugMon_Handler
                0x080026b0        0x2 ..\library.a(stm32f4xx_it.o)
                0x080026b0                DebugMon_Handler
 .text.PendSV_Handler
                0x080026b2        0x2 ..\library.a(stm32f4xx_it.o)
                0x080026b2                PendSV_Handler
 .text.SysTick_Handler
                0x080026b4        0x4 ..\library.a(stm32f4xx_it.o)
                0x080026b4                SysTick_Handler
 .text.LCD_LOG_DeInit
                0x080026b8       0x64 ..\library.a(lcd_log.o)
                0x080026b8                LCD_LOG_DeInit
 .text.LCD_LOG_Init
                0x0800271c       0x12 ..\library.a(lcd_log.o)
                0x0800271c                LCD_LOG_Init
 *fill*         0x0800272e        0x2 
 .text.LCD_LOG_SetHeader
                0x08002730       0x6c ..\library.a(lcd_log.o)
                0x08002730                LCD_LOG_SetHeader
 .text.LCD_LOG_SetFooter
                0x0800279c       0x80 ..\library.a(lcd_log.o)
                0x0800279c                LCD_LOG_SetFooter
 .text.ili9341_GetLcdPixelWidth
                0x0800281c        0x4 ..\library.a(ili9341.o)
                0x0800281c                ili9341_GetLcdPixelWidth
 .text.ili9341_GetLcdPixelHeight
                0x08002820        0x6 ..\library.a(ili9341.o)
                0x08002820                ili9341_GetLcdPixelHeight
 .text.ili9341_DisplayOn
                0x08002826        0x6 ..\library.a(ili9341.o)
                0x08002826                ili9341_DisplayOn
 .text.ili9341_DisplayOff
                0x0800282c        0x6 ..\library.a(ili9341.o)
                0x0800282c                ili9341_DisplayOff
 .text.ili9341_Init
                0x08002832      0x292 ..\library.a(ili9341.o)
                0x08002832                ili9341_Init
 .text.ili9341_ReadID
                0x08002ac4       0x12 ..\library.a(ili9341.o)
                0x08002ac4                ili9341_ReadID
 *fill*         0x08002ad6        0x2 
 .text.SPIx_Init
                0x08002ad8       0x94 ..\library.a(stm32f429i_discovery.o)
 .text.SPIx_Write
                0x08002b6c       0x30 ..\library.a(stm32f429i_discovery.o)
 .text.BSP_PB_Init
                0x08002b9c       0x70 ..\library.a(stm32f429i_discovery.o)
                0x08002b9c                BSP_PB_Init
 .text.LCD_IO_Init
                0x08002c0c       0xb0 ..\library.a(stm32f429i_discovery.o)
                0x08002c0c                LCD_IO_Init
 .text.LCD_IO_WriteData
                0x08002cbc       0x38 ..\library.a(stm32f429i_discovery.o)
                0x08002cbc                LCD_IO_WriteData
 .text.LCD_IO_WriteReg
                0x08002cf4       0x38 ..\library.a(stm32f429i_discovery.o)
                0x08002cf4                LCD_IO_WriteReg
 .text.LCD_IO_ReadData
                0x08002d2c       0x6c ..\library.a(stm32f429i_discovery.o)
                0x08002d2c                LCD_IO_ReadData
 .text.LCD_Delay
                0x08002d98        0x4 ..\library.a(stm32f429i_discovery.o)
                0x08002d98                LCD_Delay
 .text.SystemInit
                0x08002d9c       0x4c ..\library.a(system_stm32f4xx.o)
                0x08002d9c                SystemInit
 .text.HAL_PWREx_EnableOverDrive
                0x08002de8       0x98 ..\library.a(stm32f4xx_hal_pwr_ex.o)
                0x08002de8                HAL_PWREx_EnableOverDrive
 .text.SPI_WaitOnFlagUntilTimeout
                0x08002e80       0x98 ..\library.a(stm32f4xx_hal_spi.o)
 .text.HAL_SPI_MspInit
                0x08002f18        0x2 ..\library.a(stm32f4xx_hal_spi.o)
                0x08002f18                HAL_SPI_MspInit
 .text.HAL_SPI_Init
                0x08002f1a       0x86 ..\library.a(stm32f4xx_hal_spi.o)
                0x08002f1a                HAL_SPI_Init
 .text.HAL_SPI_MspDeInit
                0x08002fa0        0x2 ..\library.a(stm32f4xx_hal_spi.o)
                0x08002fa0                HAL_SPI_MspDeInit
 .text.HAL_SPI_DeInit
                0x08002fa2       0x26 ..\library.a(stm32f4xx_hal_spi.o)
                0x08002fa2                HAL_SPI_DeInit
 .text.HAL_SPI_Transmit
                0x08002fc8      0x14c ..\library.a(stm32f4xx_hal_spi.o)
                0x08002fc8                HAL_SPI_Transmit
 .text.HAL_SPI_TransmitReceive
                0x08003114      0x2c6 ..\library.a(stm32f4xx_hal_spi.o)
                0x08003114                HAL_SPI_TransmitReceive
 .text.HAL_SPI_Receive
                0x080033da      0x1dc ..\library.a(stm32f4xx_hal_spi.o)
                0x080033da                HAL_SPI_Receive
 .text.HAL_SPI_GetState
                0x080035b6        0x6 ..\library.a(stm32f4xx_hal_spi.o)
                0x080035b6                HAL_SPI_GetState
 .text          0x080035bc      0x21c c:/program files (x86)/embitz/1.00/share/em_armgcc/bin/../lib/gcc/arm-none-eabi/5.4.1/armv7e-m/fpu\libgcc.a(_arm_addsubsf3.o)
                0x080035bc                __aeabi_frsub
                0x080035c4                __subsf3
                0x080035c4                __aeabi_fsub
                0x080035c8                __aeabi_fadd
                0x080035c8                __addsf3
                0x08003728                __aeabi_ui2f
                0x08003728                __floatunsisf
                0x08003730                __aeabi_i2f
                0x08003730                __floatsisf
                0x0800374c                __aeabi_ul2f
                0x0800374c                __floatundisf
                0x0800375c                __aeabi_l2f
                0x0800375c                __floatdisf
 .text          0x080037d8       0xa0 c:/program files (x86)/embitz/1.00/share/em_armgcc/bin/../lib/gcc/arm-none-eabi/5.4.1/armv7e-m/fpu\libgcc.a(_aeabi_ldivmod.o)
                0x080037d8                __aeabi_ldivmod
 .text          0x08003878       0x24 c:/program files (x86)/embitz/1.00/share/em_armgcc/bin/../lib/gcc/arm-none-eabi/5.4.1/armv7e-m/fpu\libgcc.a(_fixsfdi.o)
                0x08003878                __fixsfdi
                0x08003878                __aeabi_f2lz
 .text          0x0800389c       0x4c c:/program files (x86)/embitz/1.00/share/em_armgcc/bin/../lib/gcc/arm-none-eabi/5.4.1/armv7e-m/fpu\libgcc.a(_fixunssfdi.o)
                0x0800389c                __fixunssfdi
                0x0800389c                __aeabi_f2ulz
 .text          0x080038e8      0x2e4 c:/program files (x86)/embitz/1.00/share/em_armgcc/bin/../lib/gcc/arm-none-eabi/5.4.1/armv7e-m/fpu\libgcc.a(_udivmoddi4.o)
                0x080038e8                __udivmoddi4
 .text          0x08003bcc        0x4 c:/program files (x86)/embitz/1.00/share/em_armgcc/bin/../lib/gcc/arm-none-eabi/5.4.1/armv7e-m/fpu\libgcc.a(_dvmd_tls.o)
                0x08003bcc                __aeabi_idiv0
                0x08003bcc                __aeabi_ldiv0
 .text          0x08003bd0      0x370 c:/program files (x86)/embitz/1.00/share/em_armgcc/bin/../lib/gcc/arm-none-eabi/5.4.1/armv7e-m/fpu\libgcc.a(_arm_addsubdf3.o)
                0x08003bd0                __aeabi_drsub
                0x08003bd8                __aeabi_dsub
                0x08003bd8                __subdf3
                0x08003bdc                __aeabi_dadd
                0x08003bdc                __adddf3
                0x08003e54                __floatunsidf
                0x08003e54                __aeabi_ui2d
                0x08003e74                __floatsidf
                0x08003e74                __aeabi_i2d
                0x08003e98                __aeabi_f2d
                0x08003e98                __extendsfdf2
                0x08003ed4                __floatundidf
                0x08003ed4                __aeabi_ul2d
                0x08003ee4                __floatdidf
                0x08003ee4                __aeabi_l2d
 .text          0x08003f40      0x424 c:/program files (x86)/embitz/1.00/share/em_armgcc/bin/../lib/gcc/arm-none-eabi/5.4.1/armv7e-m/fpu\libgcc.a(_arm_muldivdf3.o)
                0x08003f40                __aeabi_dmul
                0x08003f40                __muldf3
                0x08004194                __divdf3
                0x08004194                __aeabi_ddiv
 .text          0x08004364       0x40 c:/program files (x86)/embitz/1.00/share/em_armgcc/bin/../lib/gcc/arm-none-eabi/5.4.1/armv7e-m/fpu\libgcc.a(_arm_fixunsdfsi.o)
                0x08004364                __aeabi_d2uiz
                0x08004364                __fixunsdfsi
 .text.__cvt    0x080043a4       0xc8 c:/program files (x86)/embitz/1.00/share/em_armgcc/bin/../lib/gcc/arm-none-eabi/5.4.1/../../../../arm-none-eabi/lib/armv7e-m/fpu\libg_n.a(lib_a-nano-vfprintf_float.o)
                0x080043a4                __cvt
 .text.__exponent
                0x0800446c       0x60 c:/program files (x86)/embitz/1.00/share/em_armgcc/bin/../lib/gcc/arm-none-eabi/5.4.1/../../../../arm-none-eabi/lib/armv7e-m/fpu\libg_n.a(lib_a-nano-vfprintf_float.o)
                0x0800446c                __exponent
 .text._printf_float
                0x080044cc      0x47c c:/program files (x86)/embitz/1.00/share/em_armgcc/bin/../lib/gcc/arm-none-eabi/5.4.1/../../../../arm-none-eabi/lib/armv7e-m/fpu\libg_n.a(lib_a-nano-vfprintf_float.o)
                0x080044cc                _printf_float
 .text._printf_common
                0x08004948       0xec c:/program files (x86)/embitz/1.00/share/em_armgcc/bin/../lib/gcc/arm-none-eabi/5.4.1/../../../../arm-none-eabi/lib/armv7e-m/fpu\libg_n.a(lib_a-nano-vfprintf_i.o)
                0x08004948                _printf_common
 .text.strchr   0x08004a34       0x1c c:/program files (x86)/embitz/1.00/share/em_armgcc/bin/../lib/gcc/arm-none-eabi/5.4.1/../../../../arm-none-eabi/lib/armv7e-m/fpu\libg_n.a(lib_a-strchr.o)
                0x08004a34                strchr
 .text.strcpy   0x08004a50       0x10 c:/program files (x86)/embitz/1.00/share/em_armgcc/bin/../lib/gcc/arm-none-eabi/5.4.1/../../../../arm-none-eabi/lib/armv7e-m/fpu\libg_n.a(lib_a-strcpy.o)
                0x08004a50                strcpy
 .text          0x08004a60       0x10 c:/program files (x86)/embitz/1.00/share/em_armgcc/bin/../lib/gcc/arm-none-eabi/5.4.1/../../../../arm-none-eabi/lib/armv7e-m/fpu\libg_n.a(lib_a-strlen.o)
                0x08004a60                strlen
 .text.quorem   0x08004a70      0x11e c:/program files (x86)/embitz/1.00/share/em_armgcc/bin/../lib/gcc/arm-none-eabi/5.4.1/../../../../arm-none-eabi/lib/armv7e-m/fpu\libg_n.a(lib_a-dtoa.o)
 *fill*         0x08004b8e        0x2 
 .text._dtoa_r  0x08004b90      0xb40 c:/program files (x86)/embitz/1.00/share/em_armgcc/bin/../lib/gcc/arm-none-eabi/5.4.1/../../../../arm-none-eabi/lib/armv7e-m/fpu\libg_n.a(lib_a-dtoa.o)
                0x08004b90                _dtoa_r
 .text._localeconv_r
                0x080056d0        0x8 c:/program files (x86)/embitz/1.00/share/em_armgcc/bin/../lib/gcc/arm-none-eabi/5.4.1/../../../../arm-none-eabi/lib/armv7e-m/fpu\libg_n.a(lib_a-locale.o)
                0x080056d0                _localeconv_r
 .text.malloc   0x080056d8       0x10 c:/program files (x86)/embitz/1.00/share/em_armgcc/bin/../lib/gcc/arm-none-eabi/5.4.1/../../../../arm-none-eabi/lib/armv7e-m/fpu\libg_n.a(lib_a-malloc.o)
                0x080056d8                malloc
 .text.memcpy   0x080056e8       0x16 c:/program files (x86)/embitz/1.00/share/em_armgcc/bin/../lib/gcc/arm-none-eabi/5.4.1/../../../../arm-none-eabi/lib/armv7e-m/fpu\libg_n.a(lib_a-memcpy-stub.o)
                0x080056e8                memcpy
 .text.memset   0x080056fe       0x10 c:/program files (x86)/embitz/1.00/share/em_armgcc/bin/../lib/gcc/arm-none-eabi/5.4.1/../../../../arm-none-eabi/lib/armv7e-m/fpu\libg_n.a(lib_a-memset.o)
                0x080056fe                memset
 .text._Balloc  0x0800570e       0x6a c:/program files (x86)/embitz/1.00/share/em_armgcc/bin/../lib/gcc/arm-none-eabi/5.4.1/../../../../arm-none-eabi/lib/armv7e-m/fpu\libg_n.a(lib_a-mprec.o)
                0x0800570e                _Balloc
 .text._Bfree   0x08005778       0x2e c:/program files (x86)/embitz/1.00/share/em_armgcc/bin/../lib/gcc/arm-none-eabi/5.4.1/../../../../arm-none-eabi/lib/armv7e-m/fpu\libg_n.a(lib_a-mprec.o)
                0x08005778                _Bfree
 .text.__multadd
                0x080057a6       0x76 c:/program files (x86)/embitz/1.00/share/em_armgcc/bin/../lib/gcc/arm-none-eabi/5.4.1/../../../../arm-none-eabi/lib/armv7e-m/fpu\libg_n.a(lib_a-mprec.o)
                0x080057a6                __multadd
 .text.__hi0bits
                0x0800581c       0x40 c:/program files (x86)/embitz/1.00/share/em_armgcc/bin/../lib/gcc/arm-none-eabi/5.4.1/../../../../arm-none-eabi/lib/armv7e-m/fpu\libg_n.a(lib_a-mprec.o)
                0x0800581c                __hi0bits
 .text.__lo0bits
                0x0800585c       0x5a c:/program files (x86)/embitz/1.00/share/em_armgcc/bin/../lib/gcc/arm-none-eabi/5.4.1/../../../../arm-none-eabi/lib/armv7e-m/fpu\libg_n.a(lib_a-mprec.o)
                0x0800585c                __lo0bits
 .text.__i2b    0x080058b6       0x12 c:/program files (x86)/embitz/1.00/share/em_armgcc/bin/../lib/gcc/arm-none-eabi/5.4.1/../../../../arm-none-eabi/lib/armv7e-m/fpu\libg_n.a(lib_a-mprec.o)
                0x080058b6                __i2b
 .text.__multiply
                0x080058c8      0x122 c:/program files (x86)/embitz/1.00/share/em_armgcc/bin/../lib/gcc/arm-none-eabi/5.4.1/../../../../arm-none-eabi/lib/armv7e-m/fpu\libg_n.a(lib_a-mprec.o)
                0x080058c8                __multiply
 *fill*         0x080059ea        0x2 
 .text.__pow5mult
                0x080059ec       0x9c c:/program files (x86)/embitz/1.00/share/em_armgcc/bin/../lib/gcc/arm-none-eabi/5.4.1/../../../../arm-none-eabi/lib/armv7e-m/fpu\libg_n.a(lib_a-mprec.o)
                0x080059ec                __pow5mult
 .text.__lshift
                0x08005a88       0xa2 c:/program files (x86)/embitz/1.00/share/em_armgcc/bin/../lib/gcc/arm-none-eabi/5.4.1/../../../../arm-none-eabi/lib/armv7e-m/fpu\libg_n.a(lib_a-mprec.o)
                0x08005a88                __lshift
 .text.__mcmp   0x08005b2a       0x38 c:/program files (x86)/embitz/1.00/share/em_armgcc/bin/../lib/gcc/arm-none-eabi/5.4.1/../../../../arm-none-eabi/lib/armv7e-m/fpu\libg_n.a(lib_a-mprec.o)
                0x08005b2a                __mcmp
 .text.__mdiff  0x08005b62       0xbe c:/program files (x86)/embitz/1.00/share/em_armgcc/bin/../lib/gcc/arm-none-eabi/5.4.1/../../../../arm-none-eabi/lib/armv7e-m/fpu\libg_n.a(lib_a-mprec.o)
                0x08005b62                __mdiff
 .text.__d2b    0x08005c20       0x9c c:/program files (x86)/embitz/1.00/share/em_armgcc/bin/../lib/gcc/arm-none-eabi/5.4.1/../../../../arm-none-eabi/lib/armv7e-m/fpu\libg_n.a(lib_a-mprec.o)
                0x08005c20                __d2b
 .text._calloc_r
                0x08005cbc       0x1c c:/program files (x86)/embitz/1.00/share/em_armgcc/bin/../lib/gcc/arm-none-eabi/5.4.1/../../../../arm-none-eabi/lib/armv7e-m/fpu\libg_n.a(lib_a-nano-callocr.o)
                0x08005cbc                _calloc_r
 .text._malloc_r
                0x08005cd8       0xbc c:/program files (x86)/embitz/1.00/share/em_armgcc/bin/../lib/gcc/arm-none-eabi/5.4.1/../../../../arm-none-eabi/lib/armv7e-m/fpu\libg_n.a(lib_a-nano-mallocr.o)
                0x08005cd8                _malloc_r
 .text._sbrk_r  0x08005d94       0x20 c:/program files (x86)/embitz/1.00/share/em_armgcc/bin/../lib/gcc/arm-none-eabi/5.4.1/../../../../arm-none-eabi/lib/armv7e-m/fpu\libg_n.a(lib_a-sbrkr.o)
                0x08005d94                _sbrk_r
 .text.__malloc_lock
                0x08005db4        0x2 c:/program files (x86)/embitz/1.00/share/em_armgcc/bin/../lib/gcc/arm-none-eabi/5.4.1/../../../../arm-none-eabi/lib/armv7e-m/fpu\libg_n.a(lib_a-mlock.o)
                0x08005db4                __malloc_lock
 .text.__malloc_unlock
                0x08005db6        0x2 c:/program files (x86)/embitz/1.00/share/em_armgcc/bin/../lib/gcc/arm-none-eabi/5.4.1/../../../../arm-none-eabi/lib/armv7e-m/fpu\libg_n.a(lib_a-mlock.o)
                0x08005db6                __malloc_unlock
 .text          0x08005db8      0x110 c:/program files (x86)/embitz/1.00/share/em_armgcc/bin/../lib/gcc/arm-none-eabi/5.4.1/armv7e-m/fpu\libgcc.a(_arm_cmpdf2.o)
                0x08005db8                __gtdf2
                0x08005db8                __gedf2
                0x08005dc0                __ltdf2
                0x08005dc0                __ledf2
                0x08005dc8                __nedf2
                0x08005dc8                __eqdf2
                0x08005dc8                __cmpdf2
                0x08005e44                __aeabi_cdrcmple
                0x08005e54                __aeabi_cdcmpeq
                0x08005e54                __aeabi_cdcmple
                0x08005e64                __aeabi_dcmpeq
                0x08005e78                __aeabi_dcmplt
                0x08005e8c                __aeabi_dcmple
                0x08005ea0                __aeabi_dcmpge
                0x08005eb4                __aeabi_dcmpgt
 .text          0x08005ec8       0x2c c:/program files (x86)/embitz/1.00/share/em_armgcc/bin/../lib/gcc/arm-none-eabi/5.4.1/armv7e-m/fpu\libgcc.a(_arm_unorddf2.o)
                0x08005ec8                __unorddf2
                0x08005ec8                __aeabi_dcmpun
 .text          0x08005ef4       0x50 c:/program files (x86)/embitz/1.00/share/em_armgcc/bin/../lib/gcc/arm-none-eabi/5.4.1/armv7e-m/fpu\libgcc.a(_arm_fixdfsi.o)
                0x08005ef4                __aeabi_d2iz
                0x08005ef4                __fixdfsi
 .text._sbrk    0x08005f44       0x1c c:/program files (x86)/embitz/1.00/share/em_armgcc/bin/../lib/gcc/arm-none-eabi/5.4.1/../../../../arm-none-eabi/lib/armv7e-m/fpu\libnosys_s.a(sbrk.o)
                0x08005f44                _sbrk
 *(.init)
 *(.fini)
 *crtbegin.o(.ctors)
 *crtbegin?.o(.ctors)
 *(EXCLUDE_FILE(*crtend.o *crtend?.o) .ctors)
 *(SORT(.ctors.*))
 *(.ctors)
 *crtbegin.o(.dtors)
 *crtbegin?.o(.dtors)
 *(EXCLUDE_FILE(*crtend.o *crtend?.o) .dtors)
 *(SORT(.dtors.*))
 *(.dtors)
 *(.rodata*)
 .rodata.top.5321
                0x08005f60       0x20 obj\debug\main.o
 .rodata.str1.1
                0x08005f80       0x20 obj\debug\main.o
 .rodata.btm.5322
                0x08005fa0       0x20 obj\debug\main.o
 .rodata.Font16_Table
                0x08005fc0      0xbe0 ..\library.a(stm32f429i_discovery_lcd.o)
                0x08005fc0                Font16_Table
 .rodata.Font24_Table
                0x08006ba0     0x1ab8 ..\library.a(stm32f429i_discovery_lcd.o)
                0x08006ba0                Font24_Table
 .rodata.Font12_Table
                0x08008658      0x474 ..\library.a(stm32f429i_discovery_lcd.o)
                0x08008658                Font12_Table
 .rodata.APBAHBPrescTable
                0x08008acc       0x10 ..\library.a(stm32f4xx_hal_rcc.o)
                0x08008acc                APBAHBPrescTable
 .rodata.str1.1
                0x08008adc       0x12 c:/program files (x86)/embitz/1.00/share/em_armgcc/bin/../lib/gcc/arm-none-eabi/5.4.1/../../../../arm-none-eabi/lib/armv7e-m/fpu\libg_n.a(lib_a-nano-vfprintf_float.o)
 .rodata.str1.1
                0x08008aee        0xd c:/program files (x86)/embitz/1.00/share/em_armgcc/bin/../lib/gcc/arm-none-eabi/5.4.1/../../../../arm-none-eabi/lib/armv7e-m/fpu\libg_n.a(lib_a-dtoa.o)
                                  0xf (size before relaxing)
 *fill*         0x08008afb        0x1 
 .rodata.__sf_fake_stdin
                0x08008afc       0x20 c:/program files (x86)/embitz/1.00/share/em_armgcc/bin/../lib/gcc/arm-none-eabi/5.4.1/../../../../arm-none-eabi/lib/armv7e-m/fpu\libg_n.a(lib_a-findfp.o)
                0x08008afc                __sf_fake_stdin
 .rodata.__sf_fake_stdout
                0x08008b1c       0x20 c:/program files (x86)/embitz/1.00/share/em_armgcc/bin/../lib/gcc/arm-none-eabi/5.4.1/../../../../arm-none-eabi/lib/armv7e-m/fpu\libg_n.a(lib_a-findfp.o)
                0x08008b1c                __sf_fake_stdout
 .rodata.__sf_fake_stderr
                0x08008b3c       0x20 c:/program files (x86)/embitz/1.00/share/em_armgcc/bin/../lib/gcc/arm-none-eabi/5.4.1/../../../../arm-none-eabi/lib/armv7e-m/fpu\libg_n.a(lib_a-findfp.o)
                0x08008b3c                __sf_fake_stderr
 .rodata.str1.1
                0x08008b5c        0x2 c:/program files (x86)/embitz/1.00/share/em_armgcc/bin/../lib/gcc/arm-none-eabi/5.4.1/../../../../arm-none-eabi/lib/armv7e-m/fpu\libg_n.a(lib_a-impure.o)
 .rodata.str1.1
                0x08008b5e        0x8 c:/program files (x86)/embitz/1.00/share/em_armgcc/bin/../lib/gcc/arm-none-eabi/5.4.1/../../../../arm-none-eabi/lib/armv7e-m/fpu\libg_n.a(lib_a-locale.o)
                                  0xb (size before relaxing)
 *fill*         0x08008b66        0x2 
 .rodata.p05.5410
                0x08008b68        0xc c:/program files (x86)/embitz/1.00/share/em_armgcc/bin/../lib/gcc/arm-none-eabi/5.4.1/../../../../arm-none-eabi/lib/armv7e-m/fpu\libg_n.a(lib_a-mprec.o)
 *fill*         0x08008b74        0x4 
 .rodata.__mprec_bigtens
                0x08008b78       0x28 c:/program files (x86)/embitz/1.00/share/em_armgcc/bin/../lib/gcc/arm-none-eabi/5.4.1/../../../../arm-none-eabi/lib/armv7e-m/fpu\libg_n.a(lib_a-mprec.o)
                0x08008b78                __mprec_bigtens
 .rodata.__mprec_tens
                0x08008ba0       0xc8 c:/program files (x86)/embitz/1.00/share/em_armgcc/bin/../lib/gcc/arm-none-eabi/5.4.1/../../../../arm-none-eabi/lib/armv7e-m/fpu\libg_n.a(lib_a-mprec.o)
                0x08008ba0                __mprec_tens
 *(.eh_frame*)

.glue_7         0x08008c68        0x0
 .glue_7        0x08008c68        0x0 linker stubs

.glue_7t        0x08008c68        0x0
 .glue_7t       0x08008c68        0x0 linker stubs

.vfp11_veneer   0x08008c68        0x0
 .vfp11_veneer  0x08008c68        0x0 linker stubs

.v4_bx          0x08008c68        0x0
 .v4_bx         0x08008c68        0x0 linker stubs

.iplt           0x08008c68        0x0
 .iplt          0x08008c68        0x0 obj\debug\q32poly.o

.ARM.extab
 *(.ARM.extab* .gnu.linkonce.armextab.*)
                0x08008c68                __exidx_start = .

.ARM.exidx      0x08008c68        0x8
 *(.ARM.exidx* .gnu.linkonce.armexidx.*)
 .ARM.exidx     0x08008c68        0x8 c:/program files (x86)/embitz/1.00/share/em_armgcc/bin/../lib/gcc/arm-none-eabi/5.4.1/armv7e-m/fpu\libgcc.a(_udivmoddi4.o)
                0x08008c70                __exidx_end = .
                0x08008c70                __etext = .

.rel.dyn        0x08008c70        0x0
 .rel.iplt      0x08008c70        0x0 obj\debug\q32poly.o

.data           0x20000000       0xf8 load address 0x08008c70
                0x20000000                __data_start__ = .
 *(vtable)
 *(.data*)
 .data.Font24   0x20000000        0x8 ..\library.a(stm32f429i_discovery_lcd.o)
                0x20000000                Font24
 .data.Font12   0x20000008        0x8 ..\library.a(stm32f429i_discovery_lcd.o)
                0x20000008                Font12
 .data.Font16   0x20000010        0x8 ..\library.a(stm32f429i_discovery_lcd.o)
                0x20000010                Font16
 .data.ili9341_drv
                0x20000018       0x38 ..\library.a(ili9341.o)
                0x20000018                ili9341_drv
 .data.SpixTimeout
                0x20000050        0x4 ..\library.a(stm32f429i_discovery.o)
                0x20000050                SpixTimeout
 .data.BUTTON_PORT
                0x20000054        0x4 ..\library.a(stm32f429i_discovery.o)
                0x20000054                BUTTON_PORT
 .data.SystemCoreClock
                0x20000058        0x4 ..\library.a(system_stm32f4xx.o)
                0x20000058                SystemCoreClock
 .data.impure_data
                0x2000005c       0x60 c:/program files (x86)/embitz/1.00/share/em_armgcc/bin/../lib/gcc/arm-none-eabi/5.4.1/../../../../arm-none-eabi/lib/armv7e-m/fpu\libg_n.a(lib_a-impure.o)
 .data._impure_ptr
                0x200000bc        0x4 c:/program files (x86)/embitz/1.00/share/em_armgcc/bin/../lib/gcc/arm-none-eabi/5.4.1/../../../../arm-none-eabi/lib/armv7e-m/fpu\libg_n.a(lib_a-impure.o)
                0x200000bc                _impure_ptr
 .data.lconv    0x200000c0       0x38 c:/program files (x86)/embitz/1.00/share/em_armgcc/bin/../lib/gcc/arm-none-eabi/5.4.1/../../../../arm-none-eabi/lib/armv7e-m/fpu\libg_n.a(lib_a-locale.o)
                0x200000f8                . = ALIGN (0x4)
                [!provide]                PROVIDE (__preinit_array_start, .)
 *(.preinit_array)
                [!provide]                PROVIDE (__preinit_array_end, .)
                0x200000f8                . = ALIGN (0x4)
                [!provide]                PROVIDE (__init_array_start, .)
 *(SORT(.init_array.*))
 *(.init_array)
                [!provide]                PROVIDE (__init_array_end, .)
                0x200000f8                . = ALIGN (0x8)
                [!provide]                PROVIDE (__fini_array_start, .)
 *(SORT(.fini_array.*))
 *(.fini_array)
                [!provide]                PROVIDE (__fini_array_end, .)
                0x200000f8                . = ALIGN (0x8)
                0x200000f8                __data_end__ = .

.igot.plt       0x200000f8        0x0 load address 0x08008d68
 .igot.plt      0x200000f8        0x0 obj\debug\q32poly.o

.bss            0x200000f8     0x3f08 load address 0x08008d68
                0x200000f8                __bss_start__ = .
 *(.bss*)
 .bss.coef.5324
                0x200000f8       0x40 obj\debug\main.o
 .bss.initialized.5323
                0x20000138        0x4 obj\debug\main.o
 .bss.ActiveLayer
                0x2000013c        0x4 ..\library.a(stm32f429i_discovery_lcd.o)
 .bss.DrawProp  0x20000140       0x18 ..\library.a(stm32f429i_discovery_lcd.o)
 .bss.Dma2dHandler
                0x20000158       0x40 ..\library.a(stm32f429i_discovery_lcd.o)
 .bss.PeriphClkInitStruct
                0x20000198       0x30 ..\library.a(stm32f429i_discovery_lcd.o)
 .bss.LtdcHandler
                0x200001c8       0xa8 ..\library.a(stm32f429i_discovery_lcd.o)
 .bss.dmaHandle.10808
                0x20000270       0x50 ..\library.a(stm32f429i_discovery_sdram.o)
 .bss.Command   0x200002c0       0x10 ..\library.a(stm32f429i_discovery_sdram.o)
 .bss.Timing    0x200002d0       0x1c ..\library.a(stm32f429i_discovery_sdram.o)
 .bss.SdramHandle
                0x200002ec       0x34 ..\library.a(stm32f429i_discovery_sdram.o)
 .bss.uwTick    0x20000320        0x4 ..\library.a(stm32f4xx_hal.o)
 .bss.SpiHandle
                0x20000324       0x58 ..\library.a(stm32f429i_discovery.o)
 .bss.Is_LCD_IO_Initialized
                0x2000037c        0x1 ..\library.a(stm32f429i_discovery.o)
 *fill*         0x2000037d        0x3 
 .bss.__malloc_sbrk_start
                0x20000380        0x4 c:/program files (x86)/embitz/1.00/share/em_armgcc/bin/../lib/gcc/arm-none-eabi/5.4.1/../../../../arm-none-eabi/lib/armv7e-m/fpu\libg_n.a(lib_a-nano-mallocr.o)
                0x20000380                __malloc_sbrk_start
 .bss.__malloc_free_list
                0x20000384        0x4 c:/program files (x86)/embitz/1.00/share/em_armgcc/bin/../lib/gcc/arm-none-eabi/5.4.1/../../../../arm-none-eabi/lib/armv7e-m/fpu\libg_n.a(lib_a-nano-mallocr.o)
                0x20000384                __malloc_free_list
 .bss.heap_end.4169
                0x20000388        0x4 c:/program files (x86)/embitz/1.00/share/em_armgcc/bin/../lib/gcc/arm-none-eabi/5.4.1/../../../../arm-none-eabi/lib/armv7e-m/fpu\libnosys_s.a(sbrk.o)
 *(COMMON)
 COMMON         0x2000038c        0x4 ..\library.a(stm32f429i_discovery_lcd.o)
                0x2000038c                LcdDrv
 COMMON         0x20000390     0x3c6a ..\library.a(lcd_log.o)
                0x20000390                LCD_CacheBuffer_yptr_bottom_bak
                0x20000392                LCD_CacheBuffer_yptr_top_bak
                0x20000394                LCD_CacheBuffer_yptr_bottom
                0x20000396                LCD_CacheBuffer_xptr
                0x20000398                LCD_CacheBuffer_yptr_invert
                0x20000399                LCD_Lock
                0x2000039a                LCD_Scrolled
                0x2000039c                LCD_CacheBuffer_yptr_top
                0x2000039e                LCD_ScrollActive
                0x200003a0                LCD_CacheBuffer
                0x20003ff4                LCD_LineColor
                0x20003ff8                LCD_ScrollBackStep
 *fill*         0x20003ffa        0x2 
 COMMON         0x20003ffc        0x4 c:/program files (x86)/embitz/1.00/share/em_armgcc/bin/../lib/gcc/arm-none-eabi/5.4.1/../../../../arm-none-eabi/lib/armv7e-m/fpu\libg_n.a(lib_a-reent.o)
                0x20003ffc                errno
                0x20004000                __bss_end__ = .

.heap           0x20004000      0xc00
                0x20004000                __end__ = .
                0x20004000                end = __end__
 *(.heap*)
 .heap          0x20004000      0xc00 ..\library.a(startup_stm32f429xx.o)
                0x20004000                __HeapBase
                0x20004c00                __HeapLimit = .

.stack_dummy    0x20004000      0x400
 *(.stack)
 .stack         0x20004000      0x400 ..\library.a(startup_stm32f429xx.o)
                0x20030000                __StackTop = (ORIGIN (RAM) + LENGTH (RAM))
                0x2002fc00                __StackLimit = (__StackTop - SIZEOF (.stack_dummy))
                [!provide]                PROVIDE (__stack, __StackTop)
                0x00000001                ASSERT ((__StackLimit >= __HeapLimit), region RAM overflowed with stack)
LOAD obj\debug\q32poly.o
LOAD obj\debug\main.o
LOAD ..\library.a
START GROUP
LOAD c:/program files (x86)/embitz/1.00/share/em_armgcc/bin/../lib/gcc/arm-none-eabi/5.4.1/armv7e-m/fpu\libgcc.a
LOAD c:/program files (x86)/embitz/1.00/share/em_armgcc/bin/../lib/gcc/arm-none-eabi/5.4.1/../../../../arm-none-eabi/lib/armv7e-m/fpu\libg_n.a
LOAD c:/program files (x86)/embitz/1.00/share/em_armgcc/bin/../lib/gcc/arm-none-eabi/5.4.1/../../../../arm-none-eabi/lib/armv7e-m/fpu\libc_n.a
END GROUP
START GROUP
LOAD c:/program files (x86)/embitz/1.00/share/em_armgcc/bin/../lib/gcc/arm-none-eabi/5.4.1/armv7e-m/fpu\libgcc.a
LOAD c:/program files (x86)/embitz/1.00/share/em_armgcc/bin/../lib/gcc/arm-none-eabi/5.4.1/../../../../arm-none-eabi/lib/armv7e-m/fpu\libc_n.a
LOAD c:/program files (x86)/embitz/1.00/share/em_armgcc/bin/../lib/gcc/arm-none-eabi/5.4.1/../../../../arm-none-eabi/lib/armv7e-m/fpu\libnosys_s.a
END GROUP
OUTPUT(LAB9.elf elf32-littlearm)

.ARM.attributes
                0x00000000       0x33
 .ARM.attributes
                0x00000000       0x25 obj\debug\q32poly.o
 .ARM.attributes
                0x00000025       0x39 obj\debug\main.o
 .ARM.attributes
                0x0000005e       0x39 ..\library.a(stm32f429i_discovery_lcd.o)
 .ARM.attributes
                0x00000097       0x39 ..\library.a(stm32f429i_discovery_sdram.o)
 .ARM.attributes
                0x000000d0       0x39 ..\library.a(stm32f4xx_hal.o)
 .ARM.attributes
                0x00000109       0x39 ..\library.a(stm32f4xx_hal_cortex.o)
 .ARM.attributes
                0x00000142       0x39 ..\library.a(stm32f4xx_hal_dma.o)
 .ARM.attributes
                0x0000017b       0x39 ..\library.a(stm32f4xx_hal_dma2d.o)
 .ARM.attributes
                0x000001b4       0x39 ..\library.a(stm32f4xx_hal_gpio.o)
 .ARM.attributes
                0x000001ed       0x39 ..\library.a(stm32f4xx_hal_ltdc.o)
 .ARM.attributes
                0x00000226       0x39 ..\library.a(stm32f4xx_hal_rcc.o)
 .ARM.attributes
                0x0000025f       0x39 ..\library.a(stm32f4xx_hal_rcc_ex.o)
 .ARM.attributes
                0x00000298       0x39 ..\library.a(stm32f4xx_hal_sdram.o)
 .ARM.attributes
                0x000002d1       0x39 ..\library.a(stm32f4xx_ll_fmc.o)
 .ARM.attributes
                0x0000030a       0x39 ..\library.a(initialize.o)
 .ARM.attributes
                0x00000343       0x1f ..\library.a(startup_stm32f429xx.o)
 .ARM.attributes
                0x00000362       0x39 ..\library.a(stm32f4xx_it.o)
 .ARM.attributes
                0x0000039b       0x39 ..\library.a(lcd_log.o)
 .ARM.attributes
                0x000003d4       0x39 ..\library.a(ili9341.o)
 .ARM.attributes
                0x0000040d       0x39 ..\library.a(stm32f429i_discovery.o)
 .ARM.attributes
                0x00000446       0x39 ..\library.a(system_stm32f4xx.o)
 .ARM.attributes
                0x0000047f       0x39 ..\library.a(stm32f4xx_hal_pwr_ex.o)
 .ARM.attributes
                0x000004b8       0x39 ..\library.a(stm32f4xx_hal_spi.o)
 .ARM.attributes
                0x000004f1       0x22 c:/program files (x86)/embitz/1.00/share/em_armgcc/bin/../lib/gcc/arm-none-eabi/5.4.1/armv7e-m/fpu\libgcc.a(_arm_addsubsf3.o)
 .ARM.attributes
                0x00000513       0x22 c:/program files (x86)/embitz/1.00/share/em_armgcc/bin/../lib/gcc/arm-none-eabi/5.4.1/armv7e-m/fpu\libgcc.a(_aeabi_ldivmod.o)
 .ARM.attributes
                0x00000535       0x34 c:/program files (x86)/embitz/1.00/share/em_armgcc/bin/../lib/gcc/arm-none-eabi/5.4.1/armv7e-m/fpu\libgcc.a(_fixsfdi.o)
 .ARM.attributes
                0x00000569       0x34 c:/program files (x86)/embitz/1.00/share/em_armgcc/bin/../lib/gcc/arm-none-eabi/5.4.1/armv7e-m/fpu\libgcc.a(_fixunssfdi.o)
 .ARM.attributes
                0x0000059d       0x34 c:/program files (x86)/embitz/1.00/share/em_armgcc/bin/../lib/gcc/arm-none-eabi/5.4.1/armv7e-m/fpu\libgcc.a(_udivmoddi4.o)
 .ARM.attributes
                0x000005d1       0x22 c:/program files (x86)/embitz/1.00/share/em_armgcc/bin/../lib/gcc/arm-none-eabi/5.4.1/armv7e-m/fpu\libgcc.a(_dvmd_tls.o)
 .ARM.attributes
                0x000005f3       0x22 c:/program files (x86)/embitz/1.00/share/em_armgcc/bin/../lib/gcc/arm-none-eabi/5.4.1/armv7e-m/fpu\libgcc.a(_arm_addsubdf3.o)
 .ARM.attributes
                0x00000615       0x22 c:/program files (x86)/embitz/1.00/share/em_armgcc/bin/../lib/gcc/arm-none-eabi/5.4.1/armv7e-m/fpu\libgcc.a(_arm_muldivdf3.o)
 .ARM.attributes
                0x00000637       0x22 c:/program files (x86)/embitz/1.00/share/em_armgcc/bin/../lib/gcc/arm-none-eabi/5.4.1/armv7e-m/fpu\libgcc.a(_arm_fixunsdfsi.o)
 .ARM.attributes
                0x00000659       0x34 c:/program files (x86)/embitz/1.00/share/em_armgcc/bin/../lib/gcc/arm-none-eabi/5.4.1/../../../../arm-none-eabi/lib/armv7e-m/fpu\libg_n.a(lib_a-nano-vfprintf_float.o)
 .ARM.attributes
                0x0000068d       0x34 c:/program files (x86)/embitz/1.00/share/em_armgcc/bin/../lib/gcc/arm-none-eabi/5.4.1/../../../../arm-none-eabi/lib/armv7e-m/fpu\libg_n.a(lib_a-nano-vfprintf_i.o)
 .ARM.attributes
                0x000006c1       0x34 c:/program files (x86)/embitz/1.00/share/em_armgcc/bin/../lib/gcc/arm-none-eabi/5.4.1/../../../../arm-none-eabi/lib/armv7e-m/fpu\libg_n.a(lib_a-strchr.o)
 .ARM.attributes
                0x000006f5       0x34 c:/program files (x86)/embitz/1.00/share/em_armgcc/bin/../lib/gcc/arm-none-eabi/5.4.1/../../../../arm-none-eabi/lib/armv7e-m/fpu\libg_n.a(lib_a-strcpy.o)
 .ARM.attributes
                0x00000729       0x1b c:/program files (x86)/embitz/1.00/share/em_armgcc/bin/../lib/gcc/arm-none-eabi/5.4.1/../../../../arm-none-eabi/lib/armv7e-m/fpu\libg_n.a(lib_a-strlen.o)
 .ARM.attributes
                0x00000744       0x34 c:/program files (x86)/embitz/1.00/share/em_armgcc/bin/../lib/gcc/arm-none-eabi/5.4.1/../../../../arm-none-eabi/lib/armv7e-m/fpu\libg_n.a(lib_a-dtoa.o)
 .ARM.attributes
                0x00000778       0x34 c:/program files (x86)/embitz/1.00/share/em_armgcc/bin/../lib/gcc/arm-none-eabi/5.4.1/../../../../arm-none-eabi/lib/armv7e-m/fpu\libg_n.a(lib_a-findfp.o)
 .ARM.attributes
                0x000007ac       0x34 c:/program files (x86)/embitz/1.00/share/em_armgcc/bin/../lib/gcc/arm-none-eabi/5.4.1/../../../../arm-none-eabi/lib/armv7e-m/fpu\libg_n.a(lib_a-impure.o)
 .ARM.attributes
                0x000007e0       0x34 c:/program files (x86)/embitz/1.00/share/em_armgcc/bin/../lib/gcc/arm-none-eabi/5.4.1/../../../../arm-none-eabi/lib/armv7e-m/fpu\libg_n.a(lib_a-locale.o)
 .ARM.attributes
                0x00000814       0x34 c:/program files (x86)/embitz/1.00/share/em_armgcc/bin/../lib/gcc/arm-none-eabi/5.4.1/../../../../arm-none-eabi/lib/armv7e-m/fpu\libg_n.a(lib_a-malloc.o)
 .ARM.attributes
                0x00000848       0x34 c:/program files (x86)/embitz/1.00/share/em_armgcc/bin/../lib/gcc/arm-none-eabi/5.4.1/../../../../arm-none-eabi/lib/armv7e-m/fpu\libg_n.a(lib_a-memcpy-stub.o)
 .ARM.attributes
                0x0000087c       0x34 c:/program files (x86)/embitz/1.00/share/em_armgcc/bin/../lib/gcc/arm-none-eabi/5.4.1/../../../../arm-none-eabi/lib/armv7e-m/fpu\libg_n.a(lib_a-memset.o)
 .ARM.attributes
                0x000008b0       0x34 c:/program files (x86)/embitz/1.00/share/em_armgcc/bin/../lib/gcc/arm-none-eabi/5.4.1/../../../../arm-none-eabi/lib/armv7e-m/fpu\libg_n.a(lib_a-mprec.o)
 .ARM.attributes
                0x000008e4       0x34 c:/program files (x86)/embitz/1.00/share/em_armgcc/bin/../lib/gcc/arm-none-eabi/5.4.1/../../../../arm-none-eabi/lib/armv7e-m/fpu\libg_n.a(lib_a-nano-callocr.o)
 .ARM.attributes
                0x00000918       0x34 c:/program files (x86)/embitz/1.00/share/em_armgcc/bin/../lib/gcc/arm-none-eabi/5.4.1/../../../../arm-none-eabi/lib/armv7e-m/fpu\libg_n.a(lib_a-nano-mallocr.o)
 .ARM.attributes
                0x0000094c       0x34 c:/program files (x86)/embitz/1.00/share/em_armgcc/bin/../lib/gcc/arm-none-eabi/5.4.1/../../../../arm-none-eabi/lib/armv7e-m/fpu\libg_n.a(lib_a-sbrkr.o)
 .ARM.attributes
                0x00000980       0x34 c:/program files (x86)/embitz/1.00/share/em_armgcc/bin/../lib/gcc/arm-none-eabi/5.4.1/../../../../arm-none-eabi/lib/armv7e-m/fpu\libg_n.a(lib_a-mlock.o)
 .ARM.attributes
                0x000009b4       0x34 c:/program files (x86)/embitz/1.00/share/em_armgcc/bin/../lib/gcc/arm-none-eabi/5.4.1/../../../../arm-none-eabi/lib/armv7e-m/fpu\libg_n.a(lib_a-reent.o)
 .ARM.attributes
                0x000009e8       0x22 c:/program files (x86)/embitz/1.00/share/em_armgcc/bin/../lib/gcc/arm-none-eabi/5.4.1/armv7e-m/fpu\libgcc.a(_arm_cmpdf2.o)
 .ARM.attributes
                0x00000a0a       0x22 c:/program files (x86)/embitz/1.00/share/em_armgcc/bin/../lib/gcc/arm-none-eabi/5.4.1/armv7e-m/fpu\libgcc.a(_arm_unorddf2.o)
 .ARM.attributes
                0x00000a2c       0x22 c:/program files (x86)/embitz/1.00/share/em_armgcc/bin/../lib/gcc/arm-none-eabi/5.4.1/armv7e-m/fpu\libgcc.a(_arm_fixdfsi.o)
 .ARM.attributes
                0x00000a4e       0x34 c:/program files (x86)/embitz/1.00/share/em_armgcc/bin/../lib/gcc/arm-none-eabi/5.4.1/../../../../arm-none-eabi/lib/armv7e-m/fpu\libnosys_s.a(sbrk.o)

.comment        0x00000000       0xb4
 .comment       0x00000000       0x6e obj\debug\main.o
                                 0x6f (size before relaxing)
 .comment       0x0000006e       0x46 ..\library.a(stm32f429i_discovery_lcd.o)
                                 0x47 (size before relaxing)
 .comment       0x000000b4       0x47 ..\library.a(stm32f429i_discovery_sdram.o)
 .comment       0x000000b4       0x47 ..\library.a(stm32f4xx_hal.o)
 .comment       0x000000b4       0x47 ..\library.a(stm32f4xx_hal_cortex.o)
 .comment       0x000000b4       0x47 ..\library.a(stm32f4xx_hal_dma.o)
 .comment       0x000000b4       0x47 ..\library.a(stm32f4xx_hal_dma2d.o)
 .comment       0x000000b4       0x47 ..\library.a(stm32f4xx_hal_gpio.o)
 .comment       0x000000b4       0x47 ..\library.a(stm32f4xx_hal_ltdc.o)
 .comment       0x000000b4       0x47 ..\library.a(stm32f4xx_hal_rcc.o)
 .comment       0x000000b4       0x47 ..\library.a(stm32f4xx_hal_rcc_ex.o)
 .comment       0x000000b4       0x47 ..\library.a(stm32f4xx_hal_sdram.o)
 .comment       0x000000b4       0x47 ..\library.a(stm32f4xx_ll_fmc.o)
 .comment       0x000000b4       0x47 ..\library.a(initialize.o)
 .comment       0x000000b4       0x47 ..\library.a(stm32f4xx_it.o)
 .comment       0x000000b4       0x47 ..\library.a(lcd_log.o)
 .comment       0x000000b4       0x47 ..\library.a(ili9341.o)
 .comment       0x000000b4       0x47 ..\library.a(stm32f429i_discovery.o)
 .comment       0x000000b4       0x47 ..\library.a(system_stm32f4xx.o)
 .comment       0x000000b4       0x47 ..\library.a(stm32f4xx_hal_pwr_ex.o)
 .comment       0x000000b4       0x47 ..\library.a(stm32f4xx_hal_spi.o)

.debug_line     0x00000000      0x3be
 .debug_line    0x00000000       0x63 obj\debug\q32poly.o
 .debug_line    0x00000063      0x35b obj\debug\main.o

.debug_info     0x00000000      0x4c4
 .debug_info    0x00000000       0x6e obj\debug\q32poly.o
 .debug_info    0x0000006e      0x456 obj\debug\main.o

.debug_abbrev   0x00000000      0x1cd
 .debug_abbrev  0x00000000       0x14 obj\debug\q32poly.o
 .debug_abbrev  0x00000014      0x1b9 obj\debug\main.o

.debug_aranges  0x00000000       0x40
 .debug_aranges
                0x00000000       0x20 obj\debug\q32poly.o
 .debug_aranges
                0x00000020       0x20 obj\debug\main.o

.debug_loc      0x00000000      0x58c
 .debug_loc     0x00000000      0x58c obj\debug\main.o

.debug_ranges   0x00000000       0xc0
 .debug_ranges  0x00000000       0xc0 obj\debug\main.o

.debug_macro    0x00000000     0x1b98
 .debug_macro   0x00000000      0x1b2 obj\debug\main.o
 .debug_macro   0x000001b2      0x8b0 obj\debug\main.o
 .debug_macro   0x00000a62       0x22 obj\debug\main.o
 .debug_macro   0x00000a84       0x4c obj\debug\main.o
 .debug_macro   0x00000ad0       0x8d obj\debug\main.o
 .debug_macro   0x00000b5d       0x35 obj\debug\main.o
 .debug_macro   0x00000b92       0x9c obj\debug\main.o
 .debug_macro   0x00000c2e       0x16 obj\debug\main.o
 .debug_macro   0x00000c44       0x4a obj\debug\main.o
 .debug_macro   0x00000c8e       0x97 obj\debug\main.o
 .debug_macro   0x00000d25      0x30d obj\debug\main.o
 .debug_macro   0x00001032       0xfd obj\debug\main.o
 .debug_macro   0x0000112f       0x10 obj\debug\main.o
 .debug_macro   0x0000113f       0x52 obj\debug\main.o
 .debug_macro   0x00001191       0x1f obj\debug\main.o
 .debug_macro   0x000011b0       0x43 obj\debug\main.o
 .debug_macro   0x000011f3       0x20 obj\debug\main.o
 .debug_macro   0x00001213      0x187 obj\debug\main.o
 .debug_macro   0x0000139a       0x10 obj\debug\main.o
 .debug_macro   0x000013aa       0x5e obj\debug\main.o
 .debug_macro   0x00001408       0x1c obj\debug\main.o
 .debug_macro   0x00001424       0x52 obj\debug\main.o
 .debug_macro   0x00001476       0x40 obj\debug\main.o
 .debug_macro   0x000014b6       0x10 obj\debug\main.o
 .debug_macro   0x000014c6       0x40 obj\debug\main.o
 .debug_macro   0x00001506       0xd7 obj\debug\main.o
 .debug_macro   0x000015dd       0x16 obj\debug\main.o
 .debug_macro   0x000015f3      0x189 obj\debug\main.o
 .debug_macro   0x0000177c       0xfd obj\debug\main.o
 .debug_macro   0x00001879      0x1df obj\debug\main.o
 .debug_macro   0x00001a58       0x16 obj\debug\main.o
 .debug_macro   0x00001a6e      0x12a obj\debug\main.o

.debug_str      0x00000000     0x7684
 .debug_str     0x00000000     0x7684 obj\debug\main.o
                               0x787b (size before relaxing)

.debug_frame    0x00000000      0x838
 .debug_frame   0x00000000       0x44 obj\debug\main.o
 .debug_frame   0x00000044       0x44 c:/program files (x86)/embitz/1.00/share/em_armgcc/bin/../lib/gcc/arm-none-eabi/5.4.1/armv7e-m/fpu\libgcc.a(_aeabi_ldivmod.o)
 .debug_frame   0x00000088       0x28 c:/program files (x86)/embitz/1.00/share/em_armgcc/bin/../lib/gcc/arm-none-eabi/5.4.1/armv7e-m/fpu\libgcc.a(_fixsfdi.o)
 .debug_frame   0x000000b0       0x2c c:/program files (x86)/embitz/1.00/share/em_armgcc/bin/../lib/gcc/arm-none-eabi/5.4.1/armv7e-m/fpu\libgcc.a(_fixunssfdi.o)
 .debug_frame   0x000000dc       0x34 c:/program files (x86)/embitz/1.00/share/em_armgcc/bin/../lib/gcc/arm-none-eabi/5.4.1/armv7e-m/fpu\libgcc.a(_udivmoddi4.o)
 .debug_frame   0x00000110       0x88 c:/program files (x86)/embitz/1.00/share/em_armgcc/bin/../lib/gcc/arm-none-eabi/5.4.1/../../../../arm-none-eabi/lib/armv7e-m/fpu\libg_n.a(lib_a-nano-vfprintf_float.o)
 .debug_frame   0x00000198       0x60 c:/program files (x86)/embitz/1.00/share/em_armgcc/bin/../lib/gcc/arm-none-eabi/5.4.1/../../../../arm-none-eabi/lib/armv7e-m/fpu\libg_n.a(lib_a-nano-vfprintf_i.o)
 .debug_frame   0x000001f8       0x20 c:/program files (x86)/embitz/1.00/share/em_armgcc/bin/../lib/gcc/arm-none-eabi/5.4.1/../../../../arm-none-eabi/lib/armv7e-m/fpu\libg_n.a(lib_a-strchr.o)
 .debug_frame   0x00000218       0x20 c:/program files (x86)/embitz/1.00/share/em_armgcc/bin/../lib/gcc/arm-none-eabi/5.4.1/../../../../arm-none-eabi/lib/armv7e-m/fpu\libg_n.a(lib_a-strcpy.o)
 .debug_frame   0x00000238       0x6c c:/program files (x86)/embitz/1.00/share/em_armgcc/bin/../lib/gcc/arm-none-eabi/5.4.1/../../../../arm-none-eabi/lib/armv7e-m/fpu\libg_n.a(lib_a-dtoa.o)
 .debug_frame   0x000002a4      0x11c c:/program files (x86)/embitz/1.00/share/em_armgcc/bin/../lib/gcc/arm-none-eabi/5.4.1/../../../../arm-none-eabi/lib/armv7e-m/fpu\libg_n.a(lib_a-findfp.o)
 .debug_frame   0x000003c0       0x98 c:/program files (x86)/embitz/1.00/share/em_armgcc/bin/../lib/gcc/arm-none-eabi/5.4.1/../../../../arm-none-eabi/lib/armv7e-m/fpu\libg_n.a(lib_a-locale.o)
 .debug_frame   0x00000458       0x30 c:/program files (x86)/embitz/1.00/share/em_armgcc/bin/../lib/gcc/arm-none-eabi/5.4.1/../../../../arm-none-eabi/lib/armv7e-m/fpu\libg_n.a(lib_a-malloc.o)
 .debug_frame   0x00000488       0x28 c:/program files (x86)/embitz/1.00/share/em_armgcc/bin/../lib/gcc/arm-none-eabi/5.4.1/../../../../arm-none-eabi/lib/armv7e-m/fpu\libg_n.a(lib_a-memcpy-stub.o)
 .debug_frame   0x000004b0       0x20 c:/program files (x86)/embitz/1.00/share/em_armgcc/bin/../lib/gcc/arm-none-eabi/5.4.1/../../../../arm-none-eabi/lib/armv7e-m/fpu\libg_n.a(lib_a-memset.o)
 .debug_frame   0x000004d0      0x238 c:/program files (x86)/embitz/1.00/share/em_armgcc/bin/../lib/gcc/arm-none-eabi/5.4.1/../../../../arm-none-eabi/lib/armv7e-m/fpu\libg_n.a(lib_a-mprec.o)
 .debug_frame   0x00000708       0x2c c:/program files (x86)/embitz/1.00/share/em_armgcc/bin/../lib/gcc/arm-none-eabi/5.4.1/../../../../arm-none-eabi/lib/armv7e-m/fpu\libg_n.a(lib_a-nano-callocr.o)
 .debug_frame   0x00000734       0x2c c:/program files (x86)/embitz/1.00/share/em_armgcc/bin/../lib/gcc/arm-none-eabi/5.4.1/../../../../arm-none-eabi/lib/armv7e-m/fpu\libg_n.a(lib_a-nano-mallocr.o)
 .debug_frame   0x00000760       0x2c c:/program files (x86)/embitz/1.00/share/em_armgcc/bin/../lib/gcc/arm-none-eabi/5.4.1/../../../../arm-none-eabi/lib/armv7e-m/fpu\libg_n.a(lib_a-sbrkr.o)
 .debug_frame   0x0000078c       0x30 c:/program files (x86)/embitz/1.00/share/em_armgcc/bin/../lib/gcc/arm-none-eabi/5.4.1/../../../../arm-none-eabi/lib/armv7e-m/fpu\libg_n.a(lib_a-mlock.o)
 .debug_frame   0x000007bc       0x5c c:/program files (x86)/embitz/1.00/share/em_armgcc/bin/../lib/gcc/arm-none-eabi/5.4.1/../../../../arm-none-eabi/lib/armv7e-m/fpu\libg_n.a(lib_a-reent.o)
 .debug_frame   0x00000818       0x20 c:/program files (x86)/embitz/1.00/share/em_armgcc/bin/../lib/gcc/arm-none-eabi/5.4.1/../../../../arm-none-eabi/lib/armv7e-m/fpu\libnosys_s.a(sbrk.o)

.stabstr        0x00000000      0x117
 .stabstr       0x00000000      0x117 c:/program files (x86)/embitz/1.00/share/em_armgcc/bin/../lib/gcc/arm-none-eabi/5.4.1/../../../../arm-none-eabi/lib/armv7e-m/fpu\libnosys_s.a(close.o)
