Archive member included to satisfy reference by file (symbol)

..\library.a(initialize.o)    obj\debug\main.o (InitializeHardware)
..\library.a(startup_stm32f429xx.o)
                              ..\library.a(initialize.o) (Reset_Handler)
..\library.a(stm32f4xx_it.o)  ..\library.a(initialize.o) (IncludeThis)
..\library.a(lcd_log.o)       ..\library.a(initialize.o) (LCD_LOG_Init)
..\library.a(stm32f429i_discovery.o)
                              ..\library.a(initialize.o) (BSP_PB_Init)
..\library.a(stm32f429i_discovery_lcd.o)
                              ..\library.a(initialize.o) (BSP_LCD_Init)
..\library.a(stm32f429i_discovery_sdram.o)
                              ..\library.a(stm32f429i_discovery_lcd.o) (BSP_SDRAM_Init)
..\library.a(system_stm32f4xx.o)
                              ..\library.a(startup_stm32f429xx.o) (SystemInit)
..\library.a(stm32f4xx_hal.o)
                              ..\library.a(initialize.o) (HAL_Init)
..\library.a(stm32f4xx_hal_cortex.o)
                              ..\library.a(stm32f4xx_hal.o) (HAL_NVIC_SetPriorityGrouping)
..\library.a(stm32f4xx_hal_dma.o)
                              ..\library.a(stm32f429i_discovery_sdram.o) (HAL_DMA_Init)
..\library.a(stm32f4xx_hal_dma2d.o)
                              ..\library.a(stm32f429i_discovery_lcd.o) (HAL_DMA2D_Init)
..\library.a(stm32f4xx_hal_gpio.o)
                              ..\library.a(stm32f429i_discovery.o) (HAL_GPIO_Init)
..\library.a(stm32f4xx_hal_i2c.o)
                              ..\library.a(stm32f429i_discovery.o) (HAL_I2C_Init)
..\library.a(stm32f4xx_hal_ltdc.o)
                              ..\library.a(stm32f429i_discovery_lcd.o) (HAL_LTDC_Init)
..\library.a(stm32f4xx_hal_pwr_ex.o)
                              ..\library.a(initialize.o) (HAL_PWREx_EnableOverDrive)
..\library.a(stm32f4xx_hal_rcc.o)
                              ..\library.a(initialize.o) (HAL_RCC_OscConfig)
..\library.a(stm32f4xx_hal_rcc_ex.o)
                              ..\library.a(stm32f429i_discovery_lcd.o) (HAL_RCCEx_PeriphCLKConfig)
..\library.a(stm32f4xx_hal_sdram.o)
                              ..\library.a(stm32f429i_discovery_sdram.o) (HAL_SDRAM_Init)
..\library.a(stm32f4xx_hal_spi.o)
                              ..\library.a(stm32f429i_discovery.o) (HAL_SPI_Init)
..\library.a(stm32f4xx_ll_fmc.o)
                              ..\library.a(stm32f4xx_hal_sdram.o) (FMC_SDRAM_Init)
..\library.a(ili9341.o)       ..\library.a(stm32f429i_discovery_lcd.o) (ili9341_drv)
c:/program files (x86)/embitz/1.00/share/em_armgcc/bin/../lib/gcc/arm-none-eabi/5.4.1/../../../../arm-none-eabi/lib/armv7e-m/fpu\libg_n.a(lib_a-nano-vfprintf_float.o)
                              (_printf_float)
c:/program files (x86)/embitz/1.00/share/em_armgcc/bin/../lib/gcc/arm-none-eabi/5.4.1/../../../../arm-none-eabi/lib/armv7e-m/fpu\libg_n.a(lib_a-nano-vfprintf_i.o)
                              c:/program files (x86)/embitz/1.00/share/em_armgcc/bin/../lib/gcc/arm-none-eabi/5.4.1/../../../../arm-none-eabi/lib/armv7e-m/fpu\libg_n.a(lib_a-nano-vfprintf_float.o) (_printf_common)
c:/program files (x86)/embitz/1.00/share/em_armgcc/bin/../lib/gcc/arm-none-eabi/5.4.1/../../../../arm-none-eabi/lib/armv7e-m/fpu\libg_n.a(lib_a-printf.o)
                              obj\debug\main.o (printf)
c:/program files (x86)/embitz/1.00/share/em_armgcc/bin/../lib/gcc/arm-none-eabi/5.4.1/../../../../arm-none-eabi/lib/armv7e-m/fpu\libg_n.a(lib_a-strchr.o)
                              ..\library.a(initialize.o) (strchr)
c:/program files (x86)/embitz/1.00/share/em_armgcc/bin/../lib/gcc/arm-none-eabi/5.4.1/../../../../arm-none-eabi/lib/armv7e-m/fpu\libg_n.a(lib_a-strcpy.o)
                              ..\library.a(initialize.o) (strcpy)
c:/program files (x86)/embitz/1.00/share/em_armgcc/bin/../lib/gcc/arm-none-eabi/5.4.1/../../../../arm-none-eabi/lib/armv7e-m/fpu\libg_n.a(lib_a-strlen.o)
                              c:/program files (x86)/embitz/1.00/share/em_armgcc/bin/../lib/gcc/arm-none-eabi/5.4.1/../../../../arm-none-eabi/lib/armv7e-m/fpu\libg_n.a(lib_a-nano-vfprintf_float.o) (strlen)
c:/program files (x86)/embitz/1.00/share/em_armgcc/bin/../lib/gcc/arm-none-eabi/5.4.1/../../../../arm-none-eabi/lib/armv7e-m/fpu\libg_n.a(lib_a-dtoa.o)
                              c:/program files (x86)/embitz/1.00/share/em_armgcc/bin/../lib/gcc/arm-none-eabi/5.4.1/../../../../arm-none-eabi/lib/armv7e-m/fpu\libg_n.a(lib_a-nano-vfprintf_float.o) (_dtoa_r)
c:/program files (x86)/embitz/1.00/share/em_armgcc/bin/../lib/gcc/arm-none-eabi/5.4.1/../../../../arm-none-eabi/lib/armv7e-m/fpu\libg_n.a(lib_a-findfp.o)
                              c:/program files (x86)/embitz/1.00/share/em_armgcc/bin/../lib/gcc/arm-none-eabi/5.4.1/../../../../arm-none-eabi/lib/armv7e-m/fpu\libg_n.a(lib_a-printf.o) (__sinit)
[...]
Memory Configuration

Name             Origin             Length             Attributes
ROM              0x08000000         0x00200000         xr
RAM              0x20000000         0x00030000         xrw
CCRAM            0x10000000         0x00010000         xrw
*default*        0x00000000         0xffffffff

Linker script and memory map

                0x00000200                __HEAP_SIZE = 0x200
                0x00000400                __STACK_SIZE = 0x400

.text           0x08000000     0x93c9
 *(.isr_vector)
 .isr_vector    0x08000000      0x1ac ..\library.a(startup_stm32f429xx.o)
                0x08000000                __isr_vector
 *(.text*)
 .text.startup.main
                0x080001ac       0x58 obj\debug\main.o
                0x080001ac                main
 .text          0x08000204        0x8 obj\debug\add1function.o
                0x08000204                Add1
 .text.InitializeHardware
                0x0800020c      0x10c ..\library.a(initialize.o)
                0x0800020c                InitializeHardware
 .text.WaitForPushButton
                0x08000318       0x18 ..\library.a(initialize.o)
                0x08000318                WaitForPushButton
 .text.ClearDisplay
                0x08000330        0x4 ..\library.a(initialize.o)
                0x08000330                ClearDisplay
 .text.GetClockCycleCount
                0x08000334        0xc ..\library.a(initialize.o)
                0x08000334                GetClockCycleCount
 .text          0x08000340      0x118 ..\library.a(startup_stm32f429xx.o)
                0x08000340                Reset_Handler
                0x08000370                _start
                0x08000390                HardFault_Handler
                0x08000392                MemManage_Handler
                0x08000394                BusFault_Handler
                0x08000396                UsageFault_Handler
                0x08000398                Default_Handler
                0x0800039a                WWDG_IRQHandler
                0x0800039c                PVD_IRQHandler
                0x0800039e                TAMP_STAMP_IRQHandler
                0x080003a0                RTC_WKUP_IRQHandler
                0x080003a2                FLASH_IRQHandler
                0x080003a4                RCC_IRQHandler
                0x080003a6                EXTI0_IRQHandler
                0x080003a8                EXTI1_IRQHandler
                0x080003aa                EXTI2_IRQHandler
                0x080003ac                EXTI3_IRQHandler
                0x080003ae                EXTI4_IRQHandler
                0x080003b0                DMA1_Stream0_IRQHandler
                0x080003b2                DMA1_Stream1_IRQHandler
                0x080003b4                DMA1_Stream2_IRQHandler
                0x080003b6                DMA1_Stream3_IRQHandler
                0x080003b8                DMA1_Stream4_IRQHandler
                0x080003ba                DMA1_Stream5_IRQHandler
                0x080003bc                DMA1_Stream6_IRQHandler
                0x080003be                ADC_IRQHandler
                0x080003c0                CAN1_TX_IRQHandler
                0x080003c2                CAN1_RX0_IRQHandler
                0x080003c4                CAN1_RX1_IRQHandler
                0x080003c6                CAN1_SCE_IRQHandler
                0x080003c8                EXTI9_5_IRQHandler
                0x080003ca                TIM1_BRK_TIM9_IRQHandler
                0x080003cc                TIM1_UP_TIM10_IRQHandler
                0x080003ce                TIM1_TRG_COM_TIM11_IRQHandler
                0x080003d0                TIM1_CC_IRQHandler
                0x080003d2                TIM2_IRQHandler
                0x080003d4                TIM3_IRQHandler
                0x080003d6                TIM4_IRQHandler
                0x080003d8                I2C1_EV_IRQHandler
                0x080003da                I2C1_ER_IRQHandler
                0x080003dc                I2C2_EV_IRQHandler
                0x080003de                I2C2_ER_IRQHandler
                0x080003e0                SPI1_IRQHandler
                0x080003e2                SPI2_IRQHandler
                0x080003e4                USART1_IRQHandler
                0x080003e6                USART2_IRQHandler
                0x080003e8                USART3_IRQHandler
                0x080003ea                EXTI15_10_IRQHandler
                0x080003ec                RTC_Alarm_IRQHandler
                0x080003ee                OTG_FS_WKUP_IRQHandler
                0x080003f0                TIM8_BRK_TIM12_IRQHandler
                0x080003f2                TIM8_UP_TIM13_IRQHandler
                0x080003f4                TIM8_TRG_COM_TIM14_IRQHandler
                0x080003f6                TIM8_CC_IRQHandler
                0x080003f8                DMA1_Stream7_IRQHandler
                0x080003fa                FSMC_IRQHandler
                0x080003fc                SDIO_IRQHandler
                0x080003fe                TIM5_IRQHandler
                0x08000400                SPI3_IRQHandler
                0x08000402                UART4_IRQHandler
                0x08000404                UART5_IRQHandler
                0x08000406                TIM6_DAC_IRQHandler
                0x08000408                TIM7_IRQHandler
                0x0800040a                DMA2_Stream0_IRQHandler
                0x0800040c                DMA2_Stream1_IRQHandler
                0x0800040e                DMA2_Stream2_IRQHandler
                0x08000410                DMA2_Stream3_IRQHandler
                0x08000412                DMA2_Stream4_IRQHandler
                0x08000414                ETH_IRQHandler
                0x08000416                ETH_WKUP_IRQHandler
                0x08000418                CAN2_TX_IRQHandler
                0x0800041a                CAN2_RX0_IRQHandler
                0x0800041c                CAN2_RX1_IRQHandler
                0x0800041e                CAN2_SCE_IRQHandler
                0x08000420                OTG_FS_IRQHandler
                0x08000422                DMA2_Stream5_IRQHandler
                0x08000424                DMA2_Stream6_IRQHandler
                0x08000426                DMA2_Stream7_IRQHandler
                0x08000428                USART6_IRQHandler
                0x0800042a                I2C3_EV_IRQHandler
                0x0800042c                I2C3_ER_IRQHandler
                0x0800042e                OTG_HS_EP1_OUT_IRQHandler
                0x08000430                OTG_HS_EP1_IN_IRQHandler
                0x08000432                OTG_HS_WKUP_IRQHandler
                0x08000434                OTG_HS_IRQHandler
                0x08000436                DCMI_IRQHandler
                0x08000438                CRYP_IRQHandler
                0x0800043a                HASH_RNG_IRQHandler
                0x0800043c                FPU_IRQHandler
                0x0800043e                UART7_IRQHandler
                0x08000440                UART8_IRQHandler
                0x08000442                SPI4_IRQHandler
                0x08000444                SPI5_IRQHandler
                0x08000446                SPI6_IRQHandler
                0x08000448                SAI1_IRQHandler
                0x0800044a                LTDC_IRQHandler
                0x0800044c                LTDC_ER_IRQHandler
                0x0800044e                DMA2D_IRQHandler
 .text.NMI_Handler
                0x08000458        0x2 ..\library.a(stm32f4xx_it.o)
                0x08000458                NMI_Handler
 .text.SVC_Handler
                0x0800045a        0x2 ..\library.a(stm32f4xx_it.o)
                0x0800045a                SVC_Handler
 .text.DebugMon_Handler
                0x0800045c        0x2 ..\library.a(stm32f4xx_it.o)
                0x0800045c                DebugMon_Handler
 .text.PendSV_Handler
                0x0800045e        0x2 ..\library.a(stm32f4xx_it.o)
                0x0800045e                PendSV_Handler
 .text.SysTick_Handler
                0x08000460        0x4 ..\library.a(stm32f4xx_it.o)
                0x08000460                SysTick_Handler
 .text.LCD_LOG_DeInit
                0x08000464       0x64 ..\library.a(lcd_log.o)
                0x08000464                LCD_LOG_DeInit
 .text.LCD_LOG_Init
                0x080004c8       0x12 ..\library.a(lcd_log.o)
                0x080004c8                LCD_LOG_Init
 *fill*         0x080004da        0x2 
 .text.LCD_LOG_SetHeader
                0x080004dc       0x6c ..\library.a(lcd_log.o)
                0x080004dc                LCD_LOG_SetHeader
 .text.LCD_LOG_SetFooter
                0x08000548       0x80 ..\library.a(lcd_log.o)
                0x08000548                LCD_LOG_SetFooter
 .text.LCD_LOG_ClearTextZone
                0x080005c8       0x18 ..\library.a(lcd_log.o)
                0x080005c8                LCD_LOG_ClearTextZone
 .text.LCD_LOG_UpdateDisplay
                0x080005e0       0x7c ..\library.a(lcd_log.o)
                0x080005e0                LCD_LOG_UpdateDisplay
 .text.Put1Char
                0x0800065c      0x140 ..\library.a(lcd_log.o)
                0x0800065c                Put1Char
 .text._write   0x0800079c       0x1a ..\library.a(lcd_log.o)
                0x0800079c                _write
 *fill*         0x080007b6        0x2 
 .text.SPIx_Init
                0x080007b8       0x94 ..\library.a(stm32f429i_discovery.o)
 .text.SPIx_Write
                0x0800084c       0x30 ..\library.a(stm32f429i_discovery.o)
 .text.BSP_PB_Init
                0x0800087c       0x70 ..\library.a(stm32f429i_discovery.o)
                0x0800087c                BSP_PB_Init
 .text.BSP_PB_GetState
                0x080008ec       0x14 ..\library.a(stm32f429i_discovery.o)
                0x080008ec                BSP_PB_GetState
 .text.LCD_IO_Init
                0x08000900       0xb0 ..\library.a(stm32f429i_discovery.o)
                0x08000900                LCD_IO_Init
 .text.LCD_IO_WriteData
                0x080009b0       0x38 ..\library.a(stm32f429i_discovery.o)
                0x080009b0                LCD_IO_WriteData
 .text.LCD_IO_WriteReg
                0x080009e8       0x38 ..\library.a(stm32f429i_discovery.o)
                0x080009e8                LCD_IO_WriteReg
 .text.LCD_IO_ReadData
                0x08000a20       0x6c ..\library.a(stm32f429i_discovery.o)
                0x08000a20                LCD_IO_ReadData
 .text.LCD_Delay
                0x08000a8c        0x4 ..\library.a(stm32f429i_discovery.o)
                0x08000a8c                LCD_Delay
 .text.FillBuffer
                0x08000a90       0x64 ..\library.a(stm32f429i_discovery_lcd.o)
 .text.BSP_LCD_Init
                0x08000af4      0x1dc ..\library.a(stm32f429i_discovery_lcd.o)
                0x08000af4                BSP_LCD_Init
 .text.BSP_LCD_GetXSize
                0x08000cd0       0x10 ..\library.a(stm32f429i_discovery_lcd.o)
                0x08000cd0                BSP_LCD_GetXSize
 .text.BSP_LCD_GetYSize
                0x08000ce0       0x10 ..\library.a(stm32f429i_discovery_lcd.o)
                0x08000ce0                BSP_LCD_GetYSize
 .text.BSP_LCD_LayerDefaultInit
                0x08000cf0       0x80 ..\library.a(stm32f429i_discovery_lcd.o)
                0x08000cf0                BSP_LCD_LayerDefaultInit
 .text.BSP_LCD_SelectLayer
                0x08000d70        0xc ..\library.a(stm32f429i_discovery_lcd.o)
                0x08000d70                BSP_LCD_SelectLayer
 .text.BSP_LCD_SetTextColor
                0x08000d7c       0x18 ..\library.a(stm32f429i_discovery_lcd.o)
                0x08000d7c                BSP_LCD_SetTextColor
 .text.BSP_LCD_SetBackColor
                0x08000d94       0x18 ..\library.a(stm32f429i_discovery_lcd.o)
                0x08000d94                BSP_LCD_SetBackColor
 .text.BSP_LCD_SetFont
                0x08000dac       0x18 ..\library.a(stm32f429i_discovery_lcd.o)
                0x08000dac                BSP_LCD_SetFont
 .text.BSP_LCD_GetFont
                0x08000dc4       0x18 ..\library.a(stm32f429i_discovery_lcd.o)
                0x08000dc4                BSP_LCD_GetFont
 .text.BSP_LCD_Clear
                0x08000ddc       0x3c ..\library.a(stm32f429i_discovery_lcd.o)
                0x08000ddc                BSP_LCD_Clear
 .text.BSP_LCD_FillRect
                0x08000e18       0x5c ..\library.a(stm32f429i_discovery_lcd.o)
                0x08000e18                BSP_LCD_FillRect
 .text.BSP_LCD_ClearStringLine
                0x08000e74       0x50 ..\library.a(stm32f429i_discovery_lcd.o)
                0x08000e74                BSP_LCD_ClearStringLine
 .text.BSP_LCD_DisplayOn
                0x08000ec4       0x14 ..\library.a(stm32f429i_discovery_lcd.o)
                0x08000ec4                BSP_LCD_DisplayOn
 .text.BSP_LCD_DrawPixel
                0x08000ed8       0x2c ..\library.a(stm32f429i_discovery_lcd.o)
                0x08000ed8                BSP_LCD_DrawPixel
 .text.BSP_LCD_DisplayChar
                0x08000f04       0xd8 ..\library.a(stm32f429i_discovery_lcd.o)
                0x08000f04                BSP_LCD_DisplayChar
 .text.BSP_LCD_DisplayStringAt
                0x08000fdc       0xb4 ..\library.a(stm32f429i_discovery_lcd.o)
                0x08000fdc                BSP_LCD_DisplayStringAt
 .text.BSP_LCD_DisplayStringAtLine
                0x08001090       0x2c ..\library.a(stm32f429i_discovery_lcd.o)
                0x08001090                BSP_LCD_DisplayStringAtLine
 .text.BSP_SDRAM_Initialization_sequence
                0x080010bc       0x9c ..\library.a(stm32f429i_discovery_sdram.o)
                0x080010bc                BSP_SDRAM_Initialization_sequence
 .text.BSP_SDRAM_Init
                0x08001158      0x1d8 ..\library.a(stm32f429i_discovery_sdram.o)
                0x08001158                BSP_SDRAM_Init
 .text.SystemInit
                0x08001330       0x4c ..\library.a(system_stm32f4xx.o)
                0x08001330                SystemInit
 .text.HAL_MspInit
                0x0800137c        0x2 ..\library.a(stm32f4xx_hal.o)
                0x0800137c                HAL_MspInit
 .text.HAL_InitTick
                0x0800137e       0x24 ..\library.a(stm32f4xx_hal.o)
                0x0800137e                HAL_InitTick
 *fill*         0x080013a2        0x2 
 .text.HAL_Init
                0x080013a4       0x34 ..\library.a(stm32f4xx_hal.o)
                0x080013a4                HAL_Init
 .text.HAL_IncTick
                0x080013d8       0x10 ..\library.a(stm32f4xx_hal.o)
                0x080013d8                HAL_IncTick
 .text.HAL_GetTick
                0x080013e8        0xc ..\library.a(stm32f4xx_hal.o)
                0x080013e8                HAL_GetTick
 .text.HAL_Delay
                0x080013f4       0x1a ..\library.a(stm32f4xx_hal.o)
                0x080013f4                HAL_Delay
 *fill*         0x0800140e        0x2 
 .text.HAL_NVIC_SetPriorityGrouping
                0x08001410       0x24 ..\library.a(stm32f4xx_hal_cortex.o)
                0x08001410                HAL_NVIC_SetPriorityGrouping
 .text.HAL_NVIC_SetPriority
                0x08001434       0x64 ..\library.a(stm32f4xx_hal_cortex.o)
                0x08001434                HAL_NVIC_SetPriority
 .text.HAL_NVIC_EnableIRQ
                0x08001498       0x18 ..\library.a(stm32f4xx_hal_cortex.o)
                0x08001498                HAL_NVIC_EnableIRQ
 .text.HAL_SYSTICK_Config
                0x080014b0       0x2c ..\library.a(stm32f4xx_hal_cortex.o)
                0x080014b0                HAL_SYSTICK_Config
 .text.HAL_DMA_Init
                0x080014dc       0x74 ..\library.a(stm32f4xx_hal_dma.o)
                0x080014dc                HAL_DMA_Init
 .text.HAL_DMA_DeInit
                0x08001550      0x414 ..\library.a(stm32f4xx_hal_dma.o)
                0x08001550                HAL_DMA_DeInit
 .text.DMA2D_SetConfig
                0x08001964       0x8a ..\library.a(stm32f4xx_hal_dma2d.o)
 .text.HAL_DMA2D_MspInit
                0x080019ee        0x2 ..\library.a(stm32f4xx_hal_dma2d.o)
                0x080019ee                HAL_DMA2D_MspInit
 .text.HAL_DMA2D_Init
                0x080019f0       0x5c ..\library.a(stm32f4xx_hal_dma2d.o)
                0x080019f0                HAL_DMA2D_Init
 .text.HAL_DMA2D_Start
                0x08001a4c       0x40 ..\library.a(stm32f4xx_hal_dma2d.o)
                0x08001a4c                HAL_DMA2D_Start
 .text.HAL_DMA2D_PollForTransfer
                0x08001a8c       0xc8 ..\library.a(stm32f4xx_hal_dma2d.o)
                0x08001a8c                HAL_DMA2D_PollForTransfer
 .text.HAL_DMA2D_ConfigLayer
                0x08001b54       0xdc ..\library.a(stm32f4xx_hal_dma2d.o)
                0x08001b54                HAL_DMA2D_ConfigLayer
 .text.HAL_GPIO_Init
                0x08001c30      0x19c ..\library.a(stm32f4xx_hal_gpio.o)
                0x08001c30                HAL_GPIO_Init
 .text.HAL_GPIO_ReadPin
                0x08001dcc        0xc ..\library.a(stm32f4xx_hal_gpio.o)
                0x08001dcc                HAL_GPIO_ReadPin
 .text.HAL_GPIO_WritePin
                0x08001dd8        0x8 ..\library.a(stm32f4xx_hal_gpio.o)
                0x08001dd8                HAL_GPIO_WritePin
 .text.LTDC_SetConfig
                0x08001de0      0x170 ..\library.a(stm32f4xx_hal_ltdc.o)
 .text.HAL_LTDC_MspInit
                0x08001f50        0x2 ..\library.a(stm32f4xx_hal_ltdc.o)
                0x08001f50                HAL_LTDC_MspInit
 *fill*         0x08001f52        0x2 
 .text.HAL_LTDC_Init
                0x08001f54      0x104 ..\library.a(stm32f4xx_hal_ltdc.o)
                0x08001f54                HAL_LTDC_Init
 .text.HAL_LTDC_ConfigLayer
                0x08002058       0x56 ..\library.a(stm32f4xx_hal_ltdc.o)
                0x08002058                HAL_LTDC_ConfigLayer
 *fill*         0x080020ae        0x2 
 .text.HAL_LTDC_EnableDither
                0x080020b0       0x34 ..\library.a(stm32f4xx_hal_ltdc.o)
                0x080020b0                HAL_LTDC_EnableDither
 .text.HAL_PWREx_EnableOverDrive
                0x080020e4       0x98 ..\library.a(stm32f4xx_hal_pwr_ex.o)
                0x080020e4                HAL_PWREx_EnableOverDrive
 .text.HAL_RCC_OscConfig
                0x0800217c      0x304 ..\library.a(stm32f4xx_hal_rcc.o)
                0x0800217c                HAL_RCC_OscConfig
 .text.HAL_RCC_ClockConfig
                0x08002480      0x208 ..\library.a(stm32f4xx_hal_rcc.o)
                0x08002480                HAL_RCC_ClockConfig
 .text.HAL_RCC_GetSysClockFreq
                0x08002688       0x8c ..\library.a(stm32f4xx_hal_rcc.o)
                0x08002688                HAL_RCC_GetSysClockFreq
 .text.HAL_RCC_GetHCLKFreq
                0x08002714       0x38 ..\library.a(stm32f4xx_hal_rcc.o)
                0x08002714                HAL_RCC_GetHCLKFreq
 .text.HAL_RCCEx_PeriphCLKConfig
                0x0800274c      0x2d8 ..\library.a(stm32f4xx_hal_rcc_ex.o)
                0x0800274c                HAL_RCCEx_PeriphCLKConfig
 .text.HAL_SDRAM_MspInit
                0x08002a24        0x2 ..\library.a(stm32f4xx_hal_sdram.o)
                0x08002a24                HAL_SDRAM_MspInit
 .text.HAL_SDRAM_Init
                0x08002a26       0x40 ..\library.a(stm32f4xx_hal_sdram.o)
                0x08002a26                HAL_SDRAM_Init
 .text.HAL_SDRAM_SendCommand
                0x08002a66       0x2e ..\library.a(stm32f4xx_hal_sdram.o)
                0x08002a66                HAL_SDRAM_SendCommand
 .text.HAL_SDRAM_ProgramRefreshRate
                0x08002a94       0x24 ..\library.a(stm32f4xx_hal_sdram.o)
                0x08002a94                HAL_SDRAM_ProgramRefreshRate
 .text.SPI_WaitOnFlagUntilTimeout
                0x08002ab8       0x98 ..\library.a(stm32f4xx_hal_spi.o)
 .text.HAL_SPI_MspInit
                0x08002b50        0x2 ..\library.a(stm32f4xx_hal_spi.o)
                0x08002b50                HAL_SPI_MspInit
 .text.HAL_SPI_Init
                0x08002b52       0x86 ..\library.a(stm32f4xx_hal_spi.o)
                0x08002b52                HAL_SPI_Init
 .text.HAL_SPI_MspDeInit
                0x08002bd8        0x2 ..\library.a(stm32f4xx_hal_spi.o)
                0x08002bd8                HAL_SPI_MspDeInit
 .text.HAL_SPI_DeInit
                0x08002bda       0x26 ..\library.a(stm32f4xx_hal_spi.o)
                0x08002bda                HAL_SPI_DeInit
 .text.HAL_SPI_Transmit
                0x08002c00      0x14c ..\library.a(stm32f4xx_hal_spi.o)
                0x08002c00                HAL_SPI_Transmit
 .text.HAL_SPI_TransmitReceive
                0x08002d4c      0x2c6 ..\library.a(stm32f4xx_hal_spi.o)
                0x08002d4c                HAL_SPI_TransmitReceive
 .text.HAL_SPI_Receive
                0x08003012      0x1dc ..\library.a(stm32f4xx_hal_spi.o)
                0x08003012                HAL_SPI_Receive
 .text.HAL_SPI_GetState
                0x080031ee        0x6 ..\library.a(stm32f4xx_hal_spi.o)
                0x080031ee                HAL_SPI_GetState
 .text.FMC_SDRAM_Init
                0x080031f4       0x84 ..\library.a(stm32f4xx_ll_fmc.o)
                0x080031f4                FMC_SDRAM_Init
 .text.FMC_SDRAM_Timing_Init
                0x08003278       0x8a ..\library.a(stm32f4xx_ll_fmc.o)
                0x08003278                FMC_SDRAM_Timing_Init
 .text.FMC_SDRAM_SendCommand
                0x08003302       0x4c ..\library.a(stm32f4xx_ll_fmc.o)
                0x08003302                FMC_SDRAM_SendCommand
 .text.FMC_SDRAM_ProgramRefreshRate
                0x0800334e        0xc ..\library.a(stm32f4xx_ll_fmc.o)
                0x0800334e                FMC_SDRAM_ProgramRefreshRate
 .text.ili9341_GetLcdPixelWidth
                0x0800335a        0x4 ..\library.a(ili9341.o)
                0x0800335a                ili9341_GetLcdPixelWidth
 .text.ili9341_GetLcdPixelHeight
                0x0800335e        0x6 ..\library.a(ili9341.o)
                0x0800335e                ili9341_GetLcdPixelHeight
 .text.ili9341_DisplayOn
                0x08003364        0x6 ..\library.a(ili9341.o)
                0x08003364                ili9341_DisplayOn
 .text.ili9341_DisplayOff
                0x0800336a        0x6 ..\library.a(ili9341.o)
                0x0800336a                ili9341_DisplayOff
 .text.ili9341_Init
                0x08003370      0x292 ..\library.a(ili9341.o)
                0x08003370                ili9341_Init
 .text.ili9341_ReadID
                0x08003602       0x12 ..\library.a(ili9341.o)
                0x08003602                ili9341_ReadID
 .text.__cvt    0x08003614       0xc8 c:/program files (x86)/embitz/1.00/share/em_armgcc/bin/../lib/gcc/arm-none-eabi/5.4.1/../../../../arm-none-eabi/lib/armv7e-m/fpu\libg_n.a(lib_a-nano-vfprintf_float.o)
                0x08003614                __cvt
 .text.__exponent
                0x080036dc       0x60 c:/program files (x86)/embitz/1.00/share/em_armgcc/bin/../lib/gcc/arm-none-eabi/5.4.1/../../../../arm-none-eabi/lib/armv7e-m/fpu\libg_n.a(lib_a-nano-vfprintf_float.o)
                0x080036dc                __exponent
 .text._printf_float
                0x0800373c      0x47c c:/program files (x86)/embitz/1.00/share/em_armgcc/bin/../lib/gcc/arm-none-eabi/5.4.1/../../../../arm-none-eabi/lib/armv7e-m/fpu\libg_n.a(lib_a-nano-vfprintf_float.o)
                0x0800373c                _printf_float
 .text._printf_common
                0x08003bb8       0xec c:/program files (x86)/embitz/1.00/share/em_armgcc/bin/../lib/gcc/arm-none-eabi/5.4.1/../../../../arm-none-eabi/lib/armv7e-m/fpu\libg_n.a(lib_a-nano-vfprintf_i.o)
                0x08003bb8                _printf_common
 .text._printf_i
                0x08003ca4      0x24c c:/program files (x86)/embitz/1.00/share/em_armgcc/bin/../lib/gcc/arm-none-eabi/5.4.1/../../../../arm-none-eabi/lib/armv7e-m/fpu\libg_n.a(lib_a-nano-vfprintf_i.o)
                0x08003ca4                _printf_i
 .text.printf   0x08003ef0       0x30 c:/program files (x86)/embitz/1.00/share/em_armgcc/bin/../lib/gcc/arm-none-eabi/5.4.1/../../../../arm-none-eabi/lib/armv7e-m/fpu\libg_n.a(lib_a-printf.o)
                0x08003ef0                iprintf
                0x08003ef0                printf
 .text.strchr   0x08003f20       0x1c c:/program files (x86)/embitz/1.00/share/em_armgcc/bin/../lib/gcc/arm-none-eabi/5.4.1/../../../../arm-none-eabi/lib/armv7e-m/fpu\libg_n.a(lib_a-strchr.o)
                0x08003f20                strchr
 .text.strcpy   0x08003f3c       0x10 c:/program files (x86)/embitz/1.00/share/em_armgcc/bin/../lib/gcc/arm-none-eabi/5.4.1/../../../../arm-none-eabi/lib/armv7e-m/fpu\libg_n.a(lib_a-strcpy.o)
                0x08003f3c                strcpy
 .text          0x08003f4c       0x10 c:/program files (x86)/embitz/1.00/share/em_armgcc/bin/../lib/gcc/arm-none-eabi/5.4.1/../../../../arm-none-eabi/lib/armv7e-m/fpu\libg_n.a(lib_a-strlen.o)
                0x08003f4c                strlen
 .text.quorem   0x08003f5c      0x11e c:/program files (x86)/embitz/1.00/share/em_armgcc/bin/../lib/gcc/arm-none-eabi/5.4.1/../../../../arm-none-eabi/lib/armv7e-m/fpu\libg_n.a(lib_a-dtoa.o)
 *fill*         0x0800407a        0x6 
 .text._dtoa_r  0x08004080      0xb40 c:/program files (x86)/embitz/1.00/share/em_armgcc/bin/../lib/gcc/arm-none-eabi/5.4.1/../../../../arm-none-eabi/lib/armv7e-m/fpu\libg_n.a(lib_a-dtoa.o)
                0x08004080                _dtoa_r
 .text._cleanup_r
                0x08004bc0        0xc c:/program files (x86)/embitz/1.00/share/em_armgcc/bin/../lib/gcc/arm-none-eabi/5.4.1/../../../../arm-none-eabi/lib/armv7e-m/fpu\libg_n.a(lib_a-findfp.o)
                0x08004bc0                _cleanup_r
 .text.std.isra.0
                0x08004bcc       0x48 c:/program files (x86)/embitz/1.00/share/em_armgcc/bin/../lib/gcc/arm-none-eabi/5.4.1/../../../../arm-none-eabi/lib/armv7e-m/fpu\libg_n.a(lib_a-findfp.o)
 .text.__sfmoreglue
                0x08004c14       0x2c c:/program files (x86)/embitz/1.00/share/em_armgcc/bin/../lib/gcc/arm-none-eabi/5.4.1/../../../../arm-none-eabi/lib/armv7e-m/fpu\libg_n.a(lib_a-findfp.o)
                0x08004c14                __sfmoreglue
 .text.__sinit  0x08004c40       0x60 c:/program files (x86)/embitz/1.00/share/em_armgcc/bin/../lib/gcc/arm-none-eabi/5.4.1/../../../../arm-none-eabi/lib/armv7e-m/fpu\libg_n.a(lib_a-findfp.o)
                0x08004c40                __sinit
 .text.__sfp    0x08004ca0       0x78 c:/program files (x86)/embitz/1.00/share/em_armgcc/bin/../lib/gcc/arm-none-eabi/5.4.1/../../../../arm-none-eabi/lib/armv7e-m/fpu\libg_n.a(lib_a-findfp.o)
                0x08004ca0                __sfp
 .text._fwalk_reent
                0x08004d18       0x3c c:/program files (x86)/embitz/1.00/share/em_armgcc/bin/../lib/gcc/arm-none-eabi/5.4.1/../../../../arm-none-eabi/lib/armv7e-m/fpu\libg_n.a(lib_a-fwalk.o)
                0x08004d18                _fwalk_reent
 .text._localeconv_r
                0x08004d54        0x8 c:/program files (x86)/embitz/1.00/share/em_armgcc/bin/../lib/gcc/arm-none-eabi/5.4.1/../../../../arm-none-eabi/lib/armv7e-m/fpu\libg_n.a(lib_a-locale.o)
                0x08004d54                _localeconv_r
 .text.malloc   0x08004d5c       0x10 c:/program files (x86)/embitz/1.00/share/em_armgcc/bin/../lib/gcc/arm-none-eabi/5.4.1/../../../../arm-none-eabi/lib/armv7e-m/fpu\libg_n.a(lib_a-malloc.o)
                0x08004d5c                malloc
 *fill*         0x08004d6c        0x4 
 .text          0x08004d70       0xa0 c:/program files (x86)/embitz/1.00/share/em_armgcc/bin/../lib/gcc/arm-none-eabi/5.4.1/../../../../arm-none-eabi/lib/armv7e-m/fpu\libg_n.a(lib_a-memchr.o)
                0x08004d70                memchr
 .text.memcpy   0x08004e10       0x16 c:/program files (x86)/embitz/1.00/share/em_armgcc/bin/../lib/gcc/arm-none-eabi/5.4.1/../../../../arm-none-eabi/lib/armv7e-m/fpu\libg_n.a(lib_a-memcpy-stub.o)
                0x08004e10                memcpy
 .text.memset   0x08004e26       0x10 c:/program files (x86)/embitz/1.00/share/em_armgcc/bin/../lib/gcc/arm-none-eabi/5.4.1/../../../../arm-none-eabi/lib/armv7e-m/fpu\libg_n.a(lib_a-memset.o)
                0x08004e26                memset
 .text._Balloc  0x08004e36       0x6a c:/program files (x86)/embitz/1.00/share/em_armgcc/bin/../lib/gcc/arm-none-eabi/5.4.1/../../../../arm-none-eabi/lib/armv7e-m/fpu\libg_n.a(lib_a-mprec.o)
                0x08004e36                _Balloc
 .text._Bfree   0x08004ea0       0x2e c:/program files (x86)/embitz/1.00/share/em_armgcc/bin/../lib/gcc/arm-none-eabi/5.4.1/../../../../arm-none-eabi/lib/armv7e-m/fpu\libg_n.a(lib_a-mprec.o)
                0x08004ea0                _Bfree
 .text.__multadd
                0x08004ece       0x76 c:/program files (x86)/embitz/1.00/share/em_armgcc/bin/../lib/gcc/arm-none-eabi/5.4.1/../../../../arm-none-eabi/lib/armv7e-m/fpu\libg_n.a(lib_a-mprec.o)
                0x08004ece                __multadd
 .text.__hi0bits
                0x08004f44       0x40 c:/program files (x86)/embitz/1.00/share/em_armgcc/bin/../lib/gcc/arm-none-eabi/5.4.1/../../../../arm-none-eabi/lib/armv7e-m/fpu\libg_n.a(lib_a-mprec.o)
                0x08004f44                __hi0bits
 .text.__lo0bits
                0x08004f84       0x5a c:/program files (x86)/embitz/1.00/share/em_armgcc/bin/../lib/gcc/arm-none-eabi/5.4.1/../../../../arm-none-eabi/lib/armv7e-m/fpu\libg_n.a(lib_a-mprec.o)
                0x08004f84                __lo0bits
 .text.__i2b    0x08004fde       0x12 c:/program files (x86)/embitz/1.00/share/em_armgcc/bin/../lib/gcc/arm-none-eabi/5.4.1/../../../../arm-none-eabi/lib/armv7e-m/fpu\libg_n.a(lib_a-mprec.o)
                0x08004fde                __i2b
 .text.__multiply
                0x08004ff0      0x122 c:/program files (x86)/embitz/1.00/share/em_armgcc/bin/../lib/gcc/arm-none-eabi/5.4.1/../../../../arm-none-eabi/lib/armv7e-m/fpu\libg_n.a(lib_a-mprec.o)
                0x08004ff0                __multiply
 *fill*         0x08005112        0x2 
 .text.__pow5mult
                0x08005114       0x9c c:/program files (x86)/embitz/1.00/share/em_armgcc/bin/../lib/gcc/arm-none-eabi/5.4.1/../../../../arm-none-eabi/lib/armv7e-m/fpu\libg_n.a(lib_a-mprec.o)
                0x08005114                __pow5mult
 .text.__lshift
                0x080051b0       0xa2 c:/program files (x86)/embitz/1.00/share/em_armgcc/bin/../lib/gcc/arm-none-eabi/5.4.1/../../../../arm-none-eabi/lib/armv7e-m/fpu\libg_n.a(lib_a-mprec.o)
                0x080051b0                __lshift
 .text.__mcmp   0x08005252       0x38 c:/program files (x86)/embitz/1.00/share/em_armgcc/bin/../lib/gcc/arm-none-eabi/5.4.1/../../../../arm-none-eabi/lib/armv7e-m/fpu\libg_n.a(lib_a-mprec.o)
                0x08005252                __mcmp
 .text.__mdiff  0x0800528a       0xbe c:/program files (x86)/embitz/1.00/share/em_armgcc/bin/../lib/gcc/arm-none-eabi/5.4.1/../../../../arm-none-eabi/lib/armv7e-m/fpu\libg_n.a(lib_a-mprec.o)
                0x0800528a                __mdiff
 .text.__d2b    0x08005348       0x9c c:/program files (x86)/embitz/1.00/share/em_armgcc/bin/../lib/gcc/arm-none-eabi/5.4.1/../../../../arm-none-eabi/lib/armv7e-m/fpu\libg_n.a(lib_a-mprec.o)
                0x08005348                __d2b
 .text._calloc_r
                0x080053e4       0x1c c:/program files (x86)/embitz/1.00/share/em_armgcc/bin/../lib/gcc/arm-none-eabi/5.4.1/../../../../arm-none-eabi/lib/armv7e-m/fpu\libg_n.a(lib_a-nano-callocr.o)
                0x080053e4                _calloc_r
 .text._free_r  0x08005400       0x9c c:/program files (x86)/embitz/1.00/share/em_armgcc/bin/../lib/gcc/arm-none-eabi/5.4.1/../../../../arm-none-eabi/lib/armv7e-m/fpu\libg_n.a(lib_a-nano-freer.o)
                0x08005400                _free_r
 .text._malloc_r
                0x0800549c       0xbc c:/program files (x86)/embitz/1.00/share/em_armgcc/bin/../lib/gcc/arm-none-eabi/5.4.1/../../../../arm-none-eabi/lib/armv7e-m/fpu\libg_n.a(lib_a-nano-mallocr.o)
                0x0800549c                _malloc_r
 .text.__sfputc_r
                0x08005558       0x30 c:/program files (x86)/embitz/1.00/share/em_armgcc/bin/../lib/gcc/arm-none-eabi/5.4.1/../../../../arm-none-eabi/lib/armv7e-m/fpu\libg_n.a(lib_a-nano-vfprintf.o)
 .text.__sfputs_r
                0x08005588       0x24 c:/program files (x86)/embitz/1.00/share/em_armgcc/bin/../lib/gcc/arm-none-eabi/5.4.1/../../../../arm-none-eabi/lib/armv7e-m/fpu\libg_n.a(lib_a-nano-vfprintf.o)
                0x08005588                __sfputs_r
 .text._vfprintf_r
                0x080055ac      0x238 c:/program files (x86)/embitz/1.00/share/em_armgcc/bin/../lib/gcc/arm-none-eabi/5.4.1/../../../../arm-none-eabi/lib/armv7e-m/fpu\libg_n.a(lib_a-nano-vfprintf.o)
                0x080055ac                _vfprintf_r
                0x080055ac                _vfiprintf_r
 .text._sbrk_r  0x080057e4       0x20 c:/program files (x86)/embitz/1.00/share/em_armgcc/bin/../lib/gcc/arm-none-eabi/5.4.1/../../../../arm-none-eabi/lib/armv7e-m/fpu\libg_n.a(lib_a-sbrkr.o)
                0x080057e4                _sbrk_r
 .text.__sread  0x08005804       0x22 c:/program files (x86)/embitz/1.00/share/em_armgcc/bin/../lib/gcc/arm-none-eabi/5.4.1/../../../../arm-none-eabi/lib/armv7e-m/fpu\libg_n.a(lib_a-stdio.o)
                0x08005804                __sread
 .text.__swrite
                0x08005826       0x38 c:/program files (x86)/embitz/1.00/share/em_armgcc/bin/../lib/gcc/arm-none-eabi/5.4.1/../../../../arm-none-eabi/lib/armv7e-m/fpu\libg_n.a(lib_a-stdio.o)
                0x08005826                __swrite
 .text.__sseek  0x0800585e       0x24 c:/program files (x86)/embitz/1.00/share/em_armgcc/bin/../lib/gcc/arm-none-eabi/5.4.1/../../../../arm-none-eabi/lib/armv7e-m/fpu\libg_n.a(lib_a-stdio.o)
                0x0800585e                __sseek
 .text.__sclose
                0x08005882        0x8 c:/program files (x86)/embitz/1.00/share/em_armgcc/bin/../lib/gcc/arm-none-eabi/5.4.1/../../../../arm-none-eabi/lib/armv7e-m/fpu\libg_n.a(lib_a-stdio.o)
                0x08005882                __sclose
 *fill*         0x0800588a        0x2 
 .text.__swbuf_r
                0x0800588c       0xa8 c:/program files (x86)/embitz/1.00/share/em_armgcc/bin/../lib/gcc/arm-none-eabi/5.4.1/../../../../arm-none-eabi/lib/armv7e-m/fpu\libg_n.a(lib_a-wbuf.o)
                0x0800588c                __swbuf_r
 .text._write_r
                0x08005934       0x24 c:/program files (x86)/embitz/1.00/share/em_armgcc/bin/../lib/gcc/arm-none-eabi/5.4.1/../../../../arm-none-eabi/lib/armv7e-m/fpu\libg_n.a(lib_a-writer.o)
                0x08005934                _write_r
 .text.__swsetup_r
                0x08005958       0xdc c:/program files (x86)/embitz/1.00/share/em_armgcc/bin/../lib/gcc/arm-none-eabi/5.4.1/../../../../arm-none-eabi/lib/armv7e-m/fpu\libg_n.a(lib_a-wsetup.o)
                0x08005958                __swsetup_r
 .text._close_r
                0x08005a34       0x20 c:/program files (x86)/embitz/1.00/share/em_armgcc/bin/../lib/gcc/arm-none-eabi/5.4.1/../../../../arm-none-eabi/lib/armv7e-m/fpu\libg_n.a(lib_a-closer.o)
                0x08005a34                _close_r
 .text.__sflush_r
                0x08005a54      0x110 c:/program files (x86)/embitz/1.00/share/em_armgcc/bin/../lib/gcc/arm-none-eabi/5.4.1/../../../../arm-none-eabi/lib/armv7e-m/fpu\libg_n.a(lib_a-fflush.o)
                0x08005a54                __sflush_r
 .text._fflush_r
                0x08005b64       0x54 c:/program files (x86)/embitz/1.00/share/em_armgcc/bin/../lib/gcc/arm-none-eabi/5.4.1/../../../../arm-none-eabi/lib/armv7e-m/fpu\libg_n.a(lib_a-fflush.o)
                0x08005b64                _fflush_r
 .text._lseek_r
                0x08005bb8       0x24 c:/program files (x86)/embitz/1.00/share/em_armgcc/bin/../lib/gcc/arm-none-eabi/5.4.1/../../../../arm-none-eabi/lib/armv7e-m/fpu\libg_n.a(lib_a-lseekr.o)
                0x08005bb8                _lseek_r
 .text.__swhatbuf_r
                0x08005bdc       0x46 c:/program files (x86)/embitz/1.00/share/em_armgcc/bin/../lib/gcc/arm-none-eabi/5.4.1/../../../../arm-none-eabi/lib/armv7e-m/fpu\libg_n.a(lib_a-makebuf.o)
                0x08005bdc                __swhatbuf_r
 *fill*         0x08005c22        0x2 
 .text.__smakebuf_r
                0x08005c24       0x78 c:/program files (x86)/embitz/1.00/share/em_armgcc/bin/../lib/gcc/arm-none-eabi/5.4.1/../../../../arm-none-eabi/lib/armv7e-m/fpu\libg_n.a(lib_a-makebuf.o)
                0x08005c24                __smakebuf_r
 .text.__malloc_lock
                0x08005c9c        0x2 c:/program files (x86)/embitz/1.00/share/em_armgcc/bin/../lib/gcc/arm-none-eabi/5.4.1/../../../../arm-none-eabi/lib/armv7e-m/fpu\libg_n.a(lib_a-mlock.o)
                0x08005c9c                __malloc_lock
 .text.__malloc_unlock
                0x08005c9e        0x2 c:/program files (x86)/embitz/1.00/share/em_armgcc/bin/../lib/gcc/arm-none-eabi/5.4.1/../../../../arm-none-eabi/lib/armv7e-m/fpu\libg_n.a(lib_a-mlock.o)
                0x08005c9e                __malloc_unlock
 .text._read_r  0x08005ca0       0x24 c:/program files (x86)/embitz/1.00/share/em_armgcc/bin/../lib/gcc/arm-none-eabi/5.4.1/../../../../arm-none-eabi/lib/armv7e-m/fpu\libg_n.a(lib_a-readr.o)
                0x08005ca0                _read_r
 .text._fstat_r
                0x08005cc4       0x24 c:/program files (x86)/embitz/1.00/share/em_armgcc/bin/../lib/gcc/arm-none-eabi/5.4.1/../../../../arm-none-eabi/lib/armv7e-m/fpu\libg_n.a(lib_a-fstatr.o)
                0x08005cc4                _fstat_r
 .text._isatty_r
                0x08005ce8       0x20 c:/program files (x86)/embitz/1.00/share/em_armgcc/bin/../lib/gcc/arm-none-eabi/5.4.1/../../../../arm-none-eabi/lib/armv7e-m/fpu\libg_n.a(lib_a-isattyr.o)
                0x08005ce8                _isatty_r
 .text          0x08005d08      0x370 c:/program files (x86)/embitz/1.00/share/em_armgcc/bin/../lib/gcc/arm-none-eabi/5.4.1/armv7e-m/fpu\libgcc.a(_arm_addsubdf3.o)
                0x08005d08                __aeabi_drsub
                0x08005d10                __aeabi_dsub
                0x08005d10                __subdf3
                0x08005d14                __aeabi_dadd
                0x08005d14                __adddf3
                0x08005f8c                __floatunsidf
                0x08005f8c                __aeabi_ui2d
                0x08005fac                __floatsidf
                0x08005fac                __aeabi_i2d
                0x08005fd0                __aeabi_f2d
                0x08005fd0                __extendsfdf2
                0x0800600c                __floatundidf
                0x0800600c                __aeabi_ul2d
                0x0800601c                __floatdidf
                0x0800601c                __aeabi_l2d
 .text          0x08006078      0x424 c:/program files (x86)/embitz/1.00/share/em_armgcc/bin/../lib/gcc/arm-none-eabi/5.4.1/armv7e-m/fpu\libgcc.a(_arm_muldivdf3.o)
                0x08006078                __aeabi_dmul
                0x08006078                __muldf3
                0x080062cc                __divdf3
                0x080062cc                __aeabi_ddiv
 .text          0x0800649c      0x110 c:/program files (x86)/embitz/1.00/share/em_armgcc/bin/../lib/gcc/arm-none-eabi/5.4.1/armv7e-m/fpu\libgcc.a(_arm_cmpdf2.o)
                0x0800649c                __gtdf2
                0x0800649c                __gedf2
                0x080064a4                __ltdf2
                0x080064a4                __ledf2
                0x080064ac                __nedf2
                0x080064ac                __eqdf2
                0x080064ac                __cmpdf2
                0x08006528                __aeabi_cdrcmple
                0x08006538                __aeabi_cdcmpeq
                0x08006538                __aeabi_cdcmple
                0x08006548                __aeabi_dcmpeq
                0x0800655c                __aeabi_dcmplt
                0x08006570                __aeabi_dcmple
                0x08006584                __aeabi_dcmpge
                0x08006598                __aeabi_dcmpgt
 .text          0x080065ac       0x2c c:/program files (x86)/embitz/1.00/share/em_armgcc/bin/../lib/gcc/arm-none-eabi/5.4.1/armv7e-m/fpu\libgcc.a(_arm_unorddf2.o)
                0x080065ac                __unorddf2
                0x080065ac                __aeabi_dcmpun
 .text          0x080065d8       0x50 c:/program files (x86)/embitz/1.00/share/em_armgcc/bin/../lib/gcc/arm-none-eabi/5.4.1/armv7e-m/fpu\libgcc.a(_arm_fixdfsi.o)
                0x080065d8                __aeabi_d2iz
                0x080065d8                __fixdfsi
 .text._close   0x08006628       0x10 c:/program files (x86)/embitz/1.00/share/em_armgcc/bin/../lib/gcc/arm-none-eabi/5.4.1/../../../../arm-none-eabi/lib/armv7e-m/fpu\libnosys_s.a(close.o)
                0x08006628                _close
 .text._fstat   0x08006638       0x10 c:/program files (x86)/embitz/1.00/share/em_armgcc/bin/../lib/gcc/arm-none-eabi/5.4.1/../../../../arm-none-eabi/lib/armv7e-m/fpu\libnosys_s.a(fstat.o)
                0x08006638                _fstat
 .text._isatty  0x08006648       0x10 c:/program files (x86)/embitz/1.00/share/em_armgcc/bin/../lib/gcc/arm-none-eabi/5.4.1/../../../../arm-none-eabi/lib/armv7e-m/fpu\libnosys_s.a(isatty.o)
                0x08006648                _isatty
 .text._lseek   0x08006658       0x10 c:/program files (x86)/embitz/1.00/share/em_armgcc/bin/../lib/gcc/arm-none-eabi/5.4.1/../../../../arm-none-eabi/lib/armv7e-m/fpu\libnosys_s.a(lseek.o)
                0x08006658                _lseek
 .text._read    0x08006668       0x10 c:/program files (x86)/embitz/1.00/share/em_armgcc/bin/../lib/gcc/arm-none-eabi/5.4.1/../../../../arm-none-eabi/lib/armv7e-m/fpu\libnosys_s.a(read.o)
                0x08006668                _read
 .text._sbrk    0x08006678       0x1c c:/program files (x86)/embitz/1.00/share/em_armgcc/bin/../lib/gcc/arm-none-eabi/5.4.1/../../../../arm-none-eabi/lib/armv7e-m/fpu\libnosys_s.a(sbrk.o)
                0x08006678                _sbrk
 *(.init)
 *(.fini)
 *crtbegin.o(.ctors)
 *crtbegin?.o(.ctors)
 *(EXCLUDE_FILE(*crtend.o *crtend?.o) .ctors)
 *(SORT(.ctors.*))
 *(.ctors)
 *crtbegin.o(.dtors)
 *crtbegin?.o(.dtors)
 *(EXCLUDE_FILE(*crtend.o *crtend?.o) .dtors)
 *(SORT(.dtors.*))
 *(.dtors)
 *(.rodata*)
 .rodata.str1.1
                0x08006694       0x56 obj\debug\main.o
 .rodata.Font16_Table
                0x080066ea      0xbe0 ..\library.a(stm32f429i_discovery_lcd.o)
                0x080066ea                Font16_Table
 .rodata.Font24_Table
                0x080072ca     0x1ab8 ..\library.a(stm32f429i_discovery_lcd.o)
                0x080072ca                Font24_Table
 .rodata.Font12_Table
                0x08008d82      0x474 ..\library.a(stm32f429i_discovery_lcd.o)
                0x08008d82                Font12_Table
 .rodata.APBAHBPrescTable
                0x080091f6       0x10 ..\library.a(stm32f4xx_hal_rcc.o)
                0x080091f6                APBAHBPrescTable
 .rodata.str1.1
                0x08009206       0x12 c:/program files (x86)/embitz/1.00/share/em_armgcc/bin/../lib/gcc/arm-none-eabi/5.4.1/../../../../arm-none-eabi/lib/armv7e-m/fpu\libg_n.a(lib_a-nano-vfprintf_float.o)
 .rodata.str1.1
                0x08009218       0x22 c:/program files (x86)/embitz/1.00/share/em_armgcc/bin/../lib/gcc/arm-none-eabi/5.4.1/../../../../arm-none-eabi/lib/armv7e-m/fpu\libg_n.a(lib_a-nano-vfprintf_i.o)
 .rodata.str1.1
                0x0800923a        0xd c:/program files (x86)/embitz/1.00/share/em_armgcc/bin/../lib/gcc/arm-none-eabi/5.4.1/../../../../arm-none-eabi/lib/armv7e-m/fpu\libg_n.a(lib_a-dtoa.o)
                                  0xf (size before relaxing)
 *fill*         0x08009247        0x1 
 .rodata.__sf_fake_stdin
                0x08009248       0x20 c:/program files (x86)/embitz/1.00/share/em_armgcc/bin/../lib/gcc/arm-none-eabi/5.4.1/../../../../arm-none-eabi/lib/armv7e-m/fpu\libg_n.a(lib_a-findfp.o)
                0x08009248                __sf_fake_stdin
 .rodata.__sf_fake_stdout
                0x08009268       0x20 c:/program files (x86)/embitz/1.00/share/em_armgcc/bin/../lib/gcc/arm-none-eabi/5.4.1/../../../../arm-none-eabi/lib/armv7e-m/fpu\libg_n.a(lib_a-findfp.o)
                0x08009268                __sf_fake_stdout
 .rodata.__sf_fake_stderr
                0x08009288       0x20 c:/program files (x86)/embitz/1.00/share/em_armgcc/bin/../lib/gcc/arm-none-eabi/5.4.1/../../../../arm-none-eabi/lib/armv7e-m/fpu\libg_n.a(lib_a-findfp.o)
                0x08009288                __sf_fake_stderr
 .rodata.str1.1
                0x080092a8        0x2 c:/program files (x86)/embitz/1.00/share/em_armgcc/bin/../lib/gcc/arm-none-eabi/5.4.1/../../../../arm-none-eabi/lib/armv7e-m/fpu\libg_n.a(lib_a-impure.o)
 *fill*         0x080092aa        0x2 
 .rodata._global_impure_ptr
                0x080092ac        0x4 c:/program files (x86)/embitz/1.00/share/em_armgcc/bin/../lib/gcc/arm-none-eabi/5.4.1/../../../../arm-none-eabi/lib/armv7e-m/fpu\libg_n.a(lib_a-impure.o)
                0x080092ac                _global_impure_ptr
 .rodata.str1.1
                0x080092b0        0x8 c:/program files (x86)/embitz/1.00/share/em_armgcc/bin/../lib/gcc/arm-none-eabi/5.4.1/../../../../arm-none-eabi/lib/armv7e-m/fpu\libg_n.a(lib_a-locale.o)
                                  0xb (size before relaxing)
 .rodata.p05.5410
                0x080092b8        0xc c:/program files (x86)/embitz/1.00/share/em_armgcc/bin/../lib/gcc/arm-none-eabi/5.4.1/../../../../arm-none-eabi/lib/armv7e-m/fpu\libg_n.a(lib_a-mprec.o)
 *fill*         0x080092c4        0x4 
 .rodata.__mprec_bigtens
                0x080092c8       0x28 c:/program files (x86)/embitz/1.00/share/em_armgcc/bin/../lib/gcc/arm-none-eabi/5.4.1/../../../../arm-none-eabi/lib/armv7e-m/fpu\libg_n.a(lib_a-mprec.o)
                0x080092c8                __mprec_bigtens
 .rodata.__mprec_tens
                0x080092f0       0xc8 c:/program files (x86)/embitz/1.00/share/em_armgcc/bin/../lib/gcc/arm-none-eabi/5.4.1/../../../../arm-none-eabi/lib/armv7e-m/fpu\libg_n.a(lib_a-mprec.o)
                0x080092f0                __mprec_tens
 .rodata.str1.1
                0x080093b8       0x11 c:/program files (x86)/embitz/1.00/share/em_armgcc/bin/../lib/gcc/arm-none-eabi/5.4.1/../../../../arm-none-eabi/lib/armv7e-m/fpu\libg_n.a(lib_a-nano-vfprintf.o)
 *(.eh_frame*)

.glue_7         0x080093cc        0x0
 .glue_7        0x080093cc        0x0 linker stubs

.glue_7t        0x080093cc        0x0
 .glue_7t       0x080093cc        0x0 linker stubs

.vfp11_veneer   0x080093cc        0x0
 .vfp11_veneer  0x080093cc        0x0 linker stubs

.v4_bx          0x080093cc        0x0
 .v4_bx         0x080093cc        0x0 linker stubs

.iplt           0x080093cc        0x0
 .iplt          0x080093cc        0x0 obj\debug\main.o

.rel.dyn        0x080093cc        0x0
 .rel.iplt      0x080093cc        0x0 obj\debug\main.o

.ARM.extab
 *(.ARM.extab* .gnu.linkonce.armextab.*)
                0x080093cc                __exidx_start = .

.ARM.exidx
 *(.ARM.exidx* .gnu.linkonce.armexidx.*)
                0x080093cc                __exidx_end = .
                0x080093cc                __etext = .

.data           0x20000000       0xf8 load address 0x080093c9
                0x20000000                __data_start__ = .
 *(vtable)
 *(.data*)
 .data.SpixTimeout
                0x20000000        0x4 ..\library.a(stm32f429i_discovery.o)
                0x20000000                SpixTimeout
 .data.BUTTON_PORT
                0x20000004        0x4 ..\library.a(stm32f429i_discovery.o)
                0x20000004                BUTTON_PORT
 .data.Font24   0x20000008        0x8 ..\library.a(stm32f429i_discovery_lcd.o)
                0x20000008                Font24
 .data.Font12   0x20000010        0x8 ..\library.a(stm32f429i_discovery_lcd.o)
                0x20000010                Font12
 .data.Font16   0x20000018        0x8 ..\library.a(stm32f429i_discovery_lcd.o)
                0x20000018                Font16
 .data.SystemCoreClock
                0x20000020        0x4 ..\library.a(system_stm32f4xx.o)
                0x20000020                SystemCoreClock
 .data.ili9341_drv
                0x20000024       0x38 ..\library.a(ili9341.o)
                0x20000024                ili9341_drv
 .data.impure_data
                0x2000005c       0x60 c:/program files (x86)/embitz/1.00/share/em_armgcc/bin/../lib/gcc/arm-none-eabi/5.4.1/../../../../arm-none-eabi/lib/armv7e-m/fpu\libg_n.a(lib_a-impure.o)
 .data._impure_ptr
                0x200000bc        0x4 c:/program files (x86)/embitz/1.00/share/em_armgcc/bin/../lib/gcc/arm-none-eabi/5.4.1/../../../../arm-none-eabi/lib/armv7e-m/fpu\libg_n.a(lib_a-impure.o)
                0x200000bc                _impure_ptr
 .data.lconv    0x200000c0       0x38 c:/program files (x86)/embitz/1.00/share/em_armgcc/bin/../lib/gcc/arm-none-eabi/5.4.1/../../../../arm-none-eabi/lib/armv7e-m/fpu\libg_n.a(lib_a-locale.o)
                0x200000f8                . = ALIGN (0x4)
                [!provide]                PROVIDE (__preinit_array_start, .)
 *(.preinit_array)
                [!provide]                PROVIDE (__preinit_array_end, .)
                0x200000f8                . = ALIGN (0x4)
                [!provide]                PROVIDE (__init_array_start, .)
 *(SORT(.init_array.*))
 *(.init_array)
                [!provide]                PROVIDE (__init_array_end, .)
                0x200000f8                . = ALIGN (0x8)
                [!provide]                PROVIDE (__fini_array_start, .)
 *(SORT(.fini_array.*))
 *(.fini_array)
                [!provide]                PROVIDE (__fini_array_end, .)
                0x200000f8                . = ALIGN (0x8)
                0x200000f8                __data_end__ = .

.igot.plt       0x200000f8        0x0 load address 0x080094c4
 .igot.plt      0x200000f8        0x0 obj\debug\main.o

.bss            0x200000f8     0x3ec4 load address 0x080094c4
                0x200000f8                __bss_start__ = .
 *(.bss*)
 .bss.SpiHandle
                0x200000f8       0x58 ..\library.a(stm32f429i_discovery.o)
 .bss.Is_LCD_IO_Initialized
                0x20000150        0x1 ..\library.a(stm32f429i_discovery.o)
 *fill*         0x20000151        0x3 
 .bss.ActiveLayer
                0x20000154        0x4 ..\library.a(stm32f429i_discovery_lcd.o)
 .bss.DrawProp  0x20000158       0x18 ..\library.a(stm32f429i_discovery_lcd.o)
 .bss.Dma2dHandler
                0x20000170       0x40 ..\library.a(stm32f429i_discovery_lcd.o)
 .bss.PeriphClkInitStruct
                0x200001b0       0x30 ..\library.a(stm32f429i_discovery_lcd.o)
 .bss.LtdcHandler
                0x200001e0       0xa8 ..\library.a(stm32f429i_discovery_lcd.o)
 .bss.dmaHandle.10808
                0x20000288       0x50 ..\library.a(stm32f429i_discovery_sdram.o)
 .bss.Command   0x200002d8       0x10 ..\library.a(stm32f429i_discovery_sdram.o)
 .bss.Timing    0x200002e8       0x1c ..\library.a(stm32f429i_discovery_sdram.o)
 .bss.SdramHandle
                0x20000304       0x34 ..\library.a(stm32f429i_discovery_sdram.o)
 .bss.uwTick    0x20000338        0x4 ..\library.a(stm32f4xx_hal.o)
 .bss.__malloc_sbrk_start
                0x2000033c        0x4 c:/program files (x86)/embitz/1.00/share/em_armgcc/bin/../lib/gcc/arm-none-eabi/5.4.1/../../../../arm-none-eabi/lib/armv7e-m/fpu\libg_n.a(lib_a-nano-mallocr.o)
                0x2000033c                __malloc_sbrk_start
 .bss.__malloc_free_list
                0x20000340        0x4 c:/program files (x86)/embitz/1.00/share/em_armgcc/bin/../lib/gcc/arm-none-eabi/5.4.1/../../../../arm-none-eabi/lib/armv7e-m/fpu\libg_n.a(lib_a-nano-mallocr.o)
                0x20000340                __malloc_free_list
 .bss.heap_end.4169
                0x20000344        0x4 c:/program files (x86)/embitz/1.00/share/em_armgcc/bin/../lib/gcc/arm-none-eabi/5.4.1/../../../../arm-none-eabi/lib/armv7e-m/fpu\libnosys_s.a(sbrk.o)
 *(COMMON)
 COMMON         0x20000348     0x3c6a ..\library.a(lcd_log.o)
                0x20000348                LCD_CacheBuffer_yptr_bottom_bak
                0x2000034a                LCD_CacheBuffer_yptr_top_bak
                0x2000034c                LCD_CacheBuffer_yptr_bottom
                0x2000034e                LCD_CacheBuffer_xptr
                0x20000350                LCD_CacheBuffer_yptr_invert
                0x20000351                LCD_Lock
                0x20000352                LCD_Scrolled
                0x20000354                LCD_CacheBuffer_yptr_top
                0x20000356                LCD_ScrollActive
                0x20000358                LCD_CacheBuffer
                0x20003fac                LCD_LineColor
                0x20003fb0                LCD_ScrollBackStep
 *fill*         0x20003fb2        0x2 
 COMMON         0x20003fb4        0x4 ..\library.a(stm32f429i_discovery_lcd.o)
                0x20003fb4                LcdDrv
 COMMON         0x20003fb8        0x4 c:/program files (x86)/embitz/1.00/share/em_armgcc/bin/../lib/gcc/arm-none-eabi/5.4.1/../../../../arm-none-eabi/lib/armv7e-m/fpu\libg_n.a(lib_a-reent.o)
                0x20003fb8                errno
                0x20003fbc                __bss_end__ = .

.heap           0x20003fc0      0xc00
                0x20003fc0                __end__ = .
                0x20003fc0                end = __end__
 *(.heap*)
 .heap          0x20003fc0      0xc00 ..\library.a(startup_stm32f429xx.o)
                0x20003fc0                __HeapBase
                0x20004bc0                __HeapLimit = .

.stack_dummy    0x20003fc0      0x400
 *(.stack)
 .stack         0x20003fc0      0x400 ..\library.a(startup_stm32f429xx.o)
                0x20030000                __StackTop = (ORIGIN (RAM) + LENGTH (RAM))
                0x2002fc00                __StackLimit = (__StackTop - SIZEOF (.stack_dummy))
                [!provide]                PROVIDE (__stack, __StackTop)
                0x00000001                ASSERT ((__StackLimit >= __HeapLimit), region RAM overflowed with stack)
LOAD obj\debug\main.o
LOAD obj\debug\add1function.o
LOAD ..\library.a
START GROUP
LOAD c:/program files (x86)/embitz/1.00/share/em_armgcc/bin/../lib/gcc/arm-none-eabi/5.4.1/armv7e-m/fpu\libgcc.a
LOAD c:/program files (x86)/embitz/1.00/share/em_armgcc/bin/../lib/gcc/arm-none-eabi/5.4.1/../../../../arm-none-eabi/lib/armv7e-m/fpu\libg_n.a
LOAD c:/program files (x86)/embitz/1.00/share/em_armgcc/bin/../lib/gcc/arm-none-eabi/5.4.1/../../../../arm-none-eabi/lib/armv7e-m/fpu\libc_n.a
END GROUP
START GROUP
LOAD c:/program files (x86)/embitz/1.00/share/em_armgcc/bin/../lib/gcc/arm-none-eabi/5.4.1/armv7e-m/fpu\libgcc.a
LOAD c:/program files (x86)/embitz/1.00/share/em_armgcc/bin/../lib/gcc/arm-none-eabi/5.4.1/../../../../arm-none-eabi/lib/armv7e-m/fpu\libc_n.a
LOAD c:/program files (x86)/embitz/1.00/share/em_armgcc/bin/../lib/gcc/arm-none-eabi/5.4.1/../../../../arm-none-eabi/lib/armv7e-m/fpu\libnosys_s.a
END GROUP
OUTPUT(Sample_Program.elf elf32-littlearm)

.debug_info     0x00000000      0x262
 .debug_info    0x00000000      0x1e5 obj\debug\main.o
 .debug_info    0x000001e5       0x7d obj\debug\add1function.o

.debug_abbrev   0x00000000       0xb1
 .debug_abbrev  0x00000000       0x9d obj\debug\main.o
 .debug_abbrev  0x0000009d       0x14 obj\debug\add1function.o

.debug_loc      0x00000000       0x84
 .debug_loc     0x00000000       0x84 obj\debug\main.o

.debug_aranges  0x00000000       0x40
 .debug_aranges
                0x00000000       0x20 obj\debug\main.o
 .debug_aranges
                0x00000020       0x20 obj\debug\add1function.o

.debug_ranges   0x00000000       0x10
 .debug_ranges  0x00000000       0x10 obj\debug\main.o

.debug_macro    0x00000000     0x1a5f
 .debug_macro   0x00000000      0x1a3 obj\debug\main.o
 .debug_macro   0x000001a3      0x8b0 obj\debug\main.o
 .debug_macro   0x00000a53       0x22 obj\debug\main.o
 .debug_macro   0x00000a75       0x4c obj\debug\main.o
 .debug_macro   0x00000ac1       0x8d obj\debug\main.o
 .debug_macro   0x00000b4e       0x35 obj\debug\main.o
 .debug_macro   0x00000b83       0x9c obj\debug\main.o
 .debug_macro   0x00000c1f       0x16 obj\debug\main.o
 .debug_macro   0x00000c35       0x4a obj\debug\main.o
 .debug_macro   0x00000c7f       0x97 obj\debug\main.o
 .debug_macro   0x00000d16      0x30d obj\debug\main.o
 .debug_macro   0x00001023       0xfd obj\debug\main.o
 .debug_macro   0x00001120       0x10 obj\debug\main.o
 .debug_macro   0x00001130       0x52 obj\debug\main.o
 .debug_macro   0x00001182       0x1f obj\debug\main.o
 .debug_macro   0x000011a1       0x43 obj\debug\main.o
 .debug_macro   0x000011e4       0x20 obj\debug\main.o
 .debug_macro   0x00001204      0x187 obj\debug\main.o
 .debug_macro   0x0000138b       0x10 obj\debug\main.o
 .debug_macro   0x0000139b       0x5e obj\debug\main.o
 .debug_macro   0x000013f9       0x1c obj\debug\main.o
 .debug_macro   0x00001415       0x52 obj\debug\main.o
 .debug_macro   0x00001467       0x40 obj\debug\main.o
 .debug_macro   0x000014a7       0x10 obj\debug\main.o
 .debug_macro   0x000014b7       0x40 obj\debug\main.o
 .debug_macro   0x000014f7       0xd7 obj\debug\main.o
 .debug_macro   0x000015ce       0x16 obj\debug\main.o
 .debug_macro   0x000015e4      0x189 obj\debug\main.o
 .debug_macro   0x0000176d       0xfd obj\debug\main.o
 .debug_macro   0x0000186a      0x1df obj\debug\main.o
 .debug_macro   0x00001a49       0x16 obj\debug\main.o

.debug_line     0x00000000      0x36b
 .debug_line    0x00000000      0x32c obj\debug\main.o
 .debug_line    0x0000032c       0x3f obj\debug\add1function.o

.debug_str      0x00000000     0x6e64
 .debug_str     0x00000000     0x6e64 obj\debug\main.o
                               0x7054 (size before relaxing)

.comment        0x00000000       0xb4
 .comment       0x00000000       0x6e obj\debug\main.o
                                 0x6f (size before relaxing)
 .comment       0x0000006e       0x46 ..\library.a(initialize.o)
                                 0x47 (size before relaxing)
 .comment       0x000000b4       0x47 ..\library.a(stm32f4xx_it.o)
 .comment       0x000000b4       0x47 ..\library.a(lcd_log.o)
 .comment       0x000000b4       0x47 ..\library.a(stm32f429i_discovery.o)
 .comment       0x000000b4       0x47 ..\library.a(stm32f429i_discovery_lcd.o)
 .comment       0x000000b4       0x47 ..\library.a(stm32f429i_discovery_sdram.o)
 .comment       0x000000b4       0x47 ..\library.a(system_stm32f4xx.o)
 .comment       0x000000b4       0x47 ..\library.a(stm32f4xx_hal.o)
 .comment       0x000000b4       0x47 ..\library.a(stm32f4xx_hal_cortex.o)
 .comment       0x000000b4       0x47 ..\library.a(stm32f4xx_hal_dma.o)
 .comment       0x000000b4       0x47 ..\library.a(stm32f4xx_hal_dma2d.o)
 .comment       0x000000b4       0x47 ..\library.a(stm32f4xx_hal_gpio.o)
 .comment       0x000000b4       0x47 ..\library.a(stm32f4xx_hal_ltdc.o)
 .comment       0x000000b4       0x47 ..\library.a(stm32f4xx_hal_pwr_ex.o)
 .comment       0x000000b4       0x47 ..\library.a(stm32f4xx_hal_rcc.o)
 .comment       0x000000b4       0x47 ..\library.a(stm32f4xx_hal_rcc_ex.o)
 .comment       0x000000b4       0x47 ..\library.a(stm32f4xx_hal_sdram.o)
 .comment       0x000000b4       0x47 ..\library.a(stm32f4xx_hal_spi.o)
 .comment       0x000000b4       0x47 ..\library.a(stm32f4xx_ll_fmc.o)
 .comment       0x000000b4       0x47 ..\library.a(ili9341.o)

.ARM.attributes
                0x00000000       0x35
 .ARM.attributes
                0x00000000       0x39 obj\debug\main.o
 .ARM.attributes
                0x00000039       0x25 obj\debug\add1function.o
 .ARM.attributes
                0x0000005e       0x39 ..\library.a(initialize.o)
 .ARM.attributes
                0x00000097       0x1f ..\library.a(startup_stm32f429xx.o)
 .ARM.attributes
                0x000000b6       0x39 ..\library.a(stm32f4xx_it.o)
 .ARM.attributes
                0x000000ef       0x39 ..\library.a(lcd_log.o)
 .ARM.attributes
                0x00000128       0x39 ..\library.a(stm32f429i_discovery.o)
 .ARM.attributes
                0x00000161       0x39 ..\library.a(stm32f429i_discovery_lcd.o)
 .ARM.attributes
                0x0000019a       0x39 ..\library.a(stm32f429i_discovery_sdram.o)
 .ARM.attributes
                0x000001d3       0x39 ..\library.a(system_stm32f4xx.o)
 .ARM.attributes
                0x0000020c       0x39 ..\library.a(stm32f4xx_hal.o)
 .ARM.attributes
                0x00000245       0x39 ..\library.a(stm32f4xx_hal_cortex.o)
 .ARM.attributes
                0x0000027e       0x39 ..\library.a(stm32f4xx_hal_dma.o)
 .ARM.attributes
                0x000002b7       0x39 ..\library.a(stm32f4xx_hal_dma2d.o)
 .ARM.attributes
                0x000002f0       0x39 ..\library.a(stm32f4xx_hal_gpio.o)
 .ARM.attributes
                0x00000329       0x39 ..\library.a(stm32f4xx_hal_ltdc.o)
 .ARM.attributes
                0x00000362       0x39 ..\library.a(stm32f4xx_hal_pwr_ex.o)
 .ARM.attributes
                0x0000039b       0x39 ..\library.a(stm32f4xx_hal_rcc.o)
 .ARM.attributes
                0x000003d4       0x39 ..\library.a(stm32f4xx_hal_rcc_ex.o)
 .ARM.attributes
                0x0000040d       0x39 ..\library.a(stm32f4xx_hal_sdram.o)
 .ARM.attributes
                0x00000446       0x39 ..\library.a(stm32f4xx_hal_spi.o)
 .ARM.attributes
                0x0000047f       0x39 ..\library.a(stm32f4xx_ll_fmc.o)
 .ARM.attributes
                0x000004b8       0x39 ..\library.a(ili9341.o)
 .ARM.attributes
                0x000004f1       0x34 c:/program files (x86)/embitz/1.00/share/em_armgcc/bin/../lib/gcc/arm-none-eabi/5.4.1/../../../../arm-none-eabi/lib/armv7e-m/fpu\libg_n.a(lib_a-nano-vfprintf_float.o)
 .ARM.attributes
                0x00000525       0x34 c:/program files (x86)/embitz/1.00/share/em_armgcc/bin/../lib/gcc/arm-none-eabi/5.4.1/../../../../arm-none-eabi/lib/armv7e-m/fpu\libg_n.a(lib_a-nano-vfprintf_i.o)
 .ARM.attributes
                0x00000559       0x34 c:/program files (x86)/embitz/1.00/share/em_armgcc/bin/../lib/gcc/arm-none-eabi/5.4.1/../../../../arm-none-eabi/lib/armv7e-m/fpu\libg_n.a(lib_a-printf.o)
 .ARM.attributes
                0x0000058d       0x34 c:/program files (x86)/embitz/1.00/share/em_armgcc/bin/../lib/gcc/arm-none-eabi/5.4.1/../../../../arm-none-eabi/lib/armv7e-m/fpu\libg_n.a(lib_a-strchr.o)
 .ARM.attributes
                0x000005c1       0x34 c:/program files (x86)/embitz/1.00/share/em_armgcc/bin/../lib/gcc/arm-none-eabi/5.4.1/../../../../arm-none-eabi/lib/armv7e-m/fpu\libg_n.a(lib_a-strcpy.o)
 .ARM.attributes
                0x000005f5       0x1b c:/program files (x86)/embitz/1.00/share/em_armgcc/bin/../lib/gcc/arm-none-eabi/5.4.1/../../../../arm-none-eabi/lib/armv7e-m/fpu\libg_n.a(lib_a-strlen.o)
 .ARM.attributes
                0x00000610       0x34 c:/program files (x86)/embitz/1.00/share/em_armgcc/bin/../lib/gcc/arm-none-eabi/5.4.1/../../../../arm-none-eabi/lib/armv7e-m/fpu\libg_n.a(lib_a-dtoa.o)
 .ARM.attributes
                0x00000644       0x34 c:/program files (x86)/embitz/1.00/share/em_armgcc/bin/../lib/gcc/arm-none-eabi/5.4.1/../../../../arm-none-eabi/lib/armv7e-m/fpu\libg_n.a(lib_a-findfp.o)
 .ARM.attributes
                0x00000678       0x34 c:/program files (x86)/embitz/1.00/share/em_armgcc/bin/../lib/gcc/arm-none-eabi/5.4.1/../../../../arm-none-eabi/lib/armv7e-m/fpu\libg_n.a(lib_a-fwalk.o)
 .ARM.attributes
                0x000006ac       0x34 c:/program files (x86)/embitz/1.00/share/em_armgcc/bin/../lib/gcc/arm-none-eabi/5.4.1/../../../../arm-none-eabi/lib/armv7e-m/fpu\libg_n.a(lib_a-impure.o)
 .ARM.attributes
                0x000006e0       0x34 c:/program files (x86)/embitz/1.00/share/em_armgcc/bin/../lib/gcc/arm-none-eabi/5.4.1/../../../../arm-none-eabi/lib/armv7e-m/fpu\libg_n.a(lib_a-locale.o)
 .ARM.attributes
                0x00000714       0x34 c:/program files (x86)/embitz/1.00/share/em_armgcc/bin/../lib/gcc/arm-none-eabi/5.4.1/../../../../arm-none-eabi/lib/armv7e-m/fpu\libg_n.a(lib_a-malloc.o)
 .ARM.attributes
                0x00000748       0x20 c:/program files (x86)/embitz/1.00/share/em_armgcc/bin/../lib/gcc/arm-none-eabi/5.4.1/../../../../arm-none-eabi/lib/armv7e-m/fpu\libg_n.a(lib_a-memchr.o)
 .ARM.attributes
                0x00000768       0x34 c:/program files (x86)/embitz/1.00/share/em_armgcc/bin/../lib/gcc/arm-none-eabi/5.4.1/../../../../arm-none-eabi/lib/armv7e-m/fpu\libg_n.a(lib_a-memcpy-stub.o)
 .ARM.attributes
                0x0000079c       0x34 c:/program files (x86)/embitz/1.00/share/em_armgcc/bin/../lib/gcc/arm-none-eabi/5.4.1/../../../../arm-none-eabi/lib/armv7e-m/fpu\libg_n.a(lib_a-memset.o)
 .ARM.attributes
                0x000007d0       0x34 c:/program files (x86)/embitz/1.00/share/em_armgcc/bin/../lib/gcc/arm-none-eabi/5.4.1/../../../../arm-none-eabi/lib/armv7e-m/fpu\libg_n.a(lib_a-mprec.o)
 .ARM.attributes
                0x00000804       0x34 c:/program files (x86)/embitz/1.00/share/em_armgcc/bin/../lib/gcc/arm-none-eabi/5.4.1/../../../../arm-none-eabi/lib/armv7e-m/fpu\libg_n.a(lib_a-nano-callocr.o)
 .ARM.attributes
                0x00000838       0x34 c:/program files (x86)/embitz/1.00/share/em_armgcc/bin/../lib/gcc/arm-none-eabi/5.4.1/../../../../arm-none-eabi/lib/armv7e-m/fpu\libg_n.a(lib_a-nano-freer.o)
 .ARM.attributes
                0x0000086c       0x34 c:/program files (x86)/embitz/1.00/share/em_armgcc/bin/../lib/gcc/arm-none-eabi/5.4.1/../../../../arm-none-eabi/lib/armv7e-m/fpu\libg_n.a(lib_a-nano-mallocr.o)
 .ARM.attributes
                0x000008a0       0x34 c:/program files (x86)/embitz/1.00/share/em_armgcc/bin/../lib/gcc/arm-none-eabi/5.4.1/../../../../arm-none-eabi/lib/armv7e-m/fpu\libg_n.a(lib_a-nano-vfprintf.o)
 .ARM.attributes
                0x000008d4       0x34 c:/program files (x86)/embitz/1.00/share/em_armgcc/bin/../lib/gcc/arm-none-eabi/5.4.1/../../../../arm-none-eabi/lib/armv7e-m/fpu\libg_n.a(lib_a-sbrkr.o)
 .ARM.attributes
                0x00000908       0x34 c:/program files (x86)/embitz/1.00/share/em_armgcc/bin/../lib/gcc/arm-none-eabi/5.4.1/../../../../arm-none-eabi/lib/armv7e-m/fpu\libg_n.a(lib_a-stdio.o)
 .ARM.attributes
                0x0000093c       0x34 c:/program files (x86)/embitz/1.00/share/em_armgcc/bin/../lib/gcc/arm-none-eabi/5.4.1/../../../../arm-none-eabi/lib/armv7e-m/fpu\libg_n.a(lib_a-wbuf.o)
 .ARM.attributes
                0x00000970       0x34 c:/program files (x86)/embitz/1.00/share/em_armgcc/bin/../lib/gcc/arm-none-eabi/5.4.1/../../../../arm-none-eabi/lib/armv7e-m/fpu\libg_n.a(lib_a-writer.o)
 .ARM.attributes
                0x000009a4       0x34 c:/program files (x86)/embitz/1.00/share/em_armgcc/bin/../lib/gcc/arm-none-eabi/5.4.1/../../../../arm-none-eabi/lib/armv7e-m/fpu\libg_n.a(lib_a-wsetup.o)
 .ARM.attributes
                0x000009d8       0x34 c:/program files (x86)/embitz/1.00/share/em_armgcc/bin/../lib/gcc/arm-none-eabi/5.4.1/../../../../arm-none-eabi/lib/armv7e-m/fpu\libg_n.a(lib_a-closer.o)
 .ARM.attributes
                0x00000a0c       0x34 c:/program files (x86)/embitz/1.00/share/em_armgcc/bin/../lib/gcc/arm-none-eabi/5.4.1/../../../../arm-none-eabi/lib/armv7e-m/fpu\libg_n.a(lib_a-fflush.o)
 .ARM.attributes
                0x00000a40       0x34 c:/program files (x86)/embitz/1.00/share/em_armgcc/bin/../lib/gcc/arm-none-eabi/5.4.1/../../../../arm-none-eabi/lib/armv7e-m/fpu\libg_n.a(lib_a-lseekr.o)
 .ARM.attributes
                0x00000a74       0x34 c:/program files (x86)/embitz/1.00/share/em_armgcc/bin/../lib/gcc/arm-none-eabi/5.4.1/../../../../arm-none-eabi/lib/armv7e-m/fpu\libg_n.a(lib_a-makebuf.o)
 .ARM.attributes
                0x00000aa8       0x34 c:/program files (x86)/embitz/1.00/share/em_armgcc/bin/../lib/gcc/arm-none-eabi/5.4.1/../../../../arm-none-eabi/lib/armv7e-m/fpu\libg_n.a(lib_a-mlock.o)
 .ARM.attributes
                0x00000adc       0x34 c:/program files (x86)/embitz/1.00/share/em_armgcc/bin/../lib/gcc/arm-none-eabi/5.4.1/../../../../arm-none-eabi/lib/armv7e-m/fpu\libg_n.a(lib_a-readr.o)
 .ARM.attributes
                0x00000b10       0x34 c:/program files (x86)/embitz/1.00/share/em_armgcc/bin/../lib/gcc/arm-none-eabi/5.4.1/../../../../arm-none-eabi/lib/armv7e-m/fpu\libg_n.a(lib_a-reent.o)
 .ARM.attributes
                0x00000b44       0x34 c:/program files (x86)/embitz/1.00/share/em_armgcc/bin/../lib/gcc/arm-none-eabi/5.4.1/../../../../arm-none-eabi/lib/armv7e-m/fpu\libg_n.a(lib_a-fstatr.o)
 .ARM.attributes
                0x00000b78       0x34 c:/program files (x86)/embitz/1.00/share/em_armgcc/bin/../lib/gcc/arm-none-eabi/5.4.1/../../../../arm-none-eabi/lib/armv7e-m/fpu\libg_n.a(lib_a-isattyr.o)
 .ARM.attributes
                0x00000bac       0x22 c:/program files (x86)/embitz/1.00/share/em_armgcc/bin/../lib/gcc/arm-none-eabi/5.4.1/armv7e-m/fpu\libgcc.a(_arm_addsubdf3.o)
 .ARM.attributes
                0x00000bce       0x22 c:/program files (x86)/embitz/1.00/share/em_armgcc/bin/../lib/gcc/arm-none-eabi/5.4.1/armv7e-m/fpu\libgcc.a(_arm_muldivdf3.o)
 .ARM.attributes
                0x00000bf0       0x22 c:/program files (x86)/embitz/1.00/share/em_armgcc/bin/../lib/gcc/arm-none-eabi/5.4.1/armv7e-m/fpu\libgcc.a(_arm_cmpdf2.o)
 .ARM.attributes
                0x00000c12       0x22 c:/program files (x86)/embitz/1.00/share/em_armgcc/bin/../lib/gcc/arm-none-eabi/5.4.1/armv7e-m/fpu\libgcc.a(_arm_unorddf2.o)
 .ARM.attributes
                0x00000c34       0x22 c:/program files (x86)/embitz/1.00/share/em_armgcc/bin/../lib/gcc/arm-none-eabi/5.4.1/armv7e-m/fpu\libgcc.a(_arm_fixdfsi.o)
 .ARM.attributes
                0x00000c56       0x34 c:/program files (x86)/embitz/1.00/share/em_armgcc/bin/../lib/gcc/arm-none-eabi/5.4.1/../../../../arm-none-eabi/lib/armv7e-m/fpu\libnosys_s.a(close.o)
 .ARM.attributes
                0x00000c8a       0x34 c:/program files (x86)/embitz/1.00/share/em_armgcc/bin/../lib/gcc/arm-none-eabi/5.4.1/../../../../arm-none-eabi/lib/armv7e-m/fpu\libnosys_s.a(fstat.o)
 .ARM.attributes
                0x00000cbe       0x34 c:/program files (x86)/embitz/1.00/share/em_armgcc/bin/../lib/gcc/arm-none-eabi/5.4.1/../../../../arm-none-eabi/lib/armv7e-m/fpu\libnosys_s.a(isatty.o)
 .ARM.attributes
                0x00000cf2       0x34 c:/program files (x86)/embitz/1.00/share/em_armgcc/bin/../lib/gcc/arm-none-eabi/5.4.1/../../../../arm-none-eabi/lib/armv7e-m/fpu\libnosys_s.a(lseek.o)
 .ARM.attributes
                0x00000d26       0x34 c:/program files (x86)/embitz/1.00/share/em_armgcc/bin/../lib/gcc/arm-none-eabi/5.4.1/../../../../arm-none-eabi/lib/armv7e-m/fpu\libnosys_s.a(read.o)
 .ARM.attributes
                0x00000d5a       0x34 c:/program files (x86)/embitz/1.00/share/em_armgcc/bin/../lib/gcc/arm-none-eabi/5.4.1/../../../../arm-none-eabi/lib/armv7e-m/fpu\libnosys_s.a(sbrk.o)

.debug_frame    0x00000000      0xc5c
 .debug_frame   0x00000000       0x30 obj\debug\main.o
 .debug_frame   0x00000030       0x88 c:/program files (x86)/embitz/1.00/share/em_armgcc/bin/../lib/gcc/arm-none-eabi/5.4.1/../../../../arm-none-eabi/lib/armv7e-m/fpu\libg_n.a(lib_a-nano-vfprintf_float.o)
 .debug_frame   0x000000b8       0x60 c:/program files (x86)/embitz/1.00/share/em_armgcc/bin/../lib/gcc/arm-none-eabi/5.4.1/../../../../arm-none-eabi/lib/armv7e-m/fpu\libg_n.a(lib_a-nano-vfprintf_i.o)
 .debug_frame   0x00000118       0x74 c:/program files (x86)/embitz/1.00/share/em_armgcc/bin/../lib/gcc/arm-none-eabi/5.4.1/../../../../arm-none-eabi/lib/armv7e-m/fpu\libg_n.a(lib_a-printf.o)
 .debug_frame   0x0000018c       0x20 c:/program files (x86)/embitz/1.00/share/em_armgcc/bin/../lib/gcc/arm-none-eabi/5.4.1/../../../../arm-none-eabi/lib/armv7e-m/fpu\libg_n.a(lib_a-strchr.o)
 .debug_frame   0x000001ac       0x20 c:/program files (x86)/embitz/1.00/share/em_armgcc/bin/../lib/gcc/arm-none-eabi/5.4.1/../../../../arm-none-eabi/lib/armv7e-m/fpu\libg_n.a(lib_a-strcpy.o)
 .debug_frame   0x000001cc       0x6c c:/program files (x86)/embitz/1.00/share/em_armgcc/bin/../lib/gcc/arm-none-eabi/5.4.1/../../../../arm-none-eabi/lib/armv7e-m/fpu\libg_n.a(lib_a-dtoa.o)
 .debug_frame   0x00000238      0x11c c:/program files (x86)/embitz/1.00/share/em_armgcc/bin/../lib/gcc/arm-none-eabi/5.4.1/../../../../arm-none-eabi/lib/armv7e-m/fpu\libg_n.a(lib_a-findfp.o)
 .debug_frame   0x00000354       0x54 c:/program files (x86)/embitz/1.00/share/em_armgcc/bin/../lib/gcc/arm-none-eabi/5.4.1/../../../../arm-none-eabi/lib/armv7e-m/fpu\libg_n.a(lib_a-fwalk.o)
 .debug_frame   0x000003a8       0x98 c:/program files (x86)/embitz/1.00/share/em_armgcc/bin/../lib/gcc/arm-none-eabi/5.4.1/../../../../arm-none-eabi/lib/armv7e-m/fpu\libg_n.a(lib_a-locale.o)
 .debug_frame   0x00000440       0x30 c:/program files (x86)/embitz/1.00/share/em_armgcc/bin/../lib/gcc/arm-none-eabi/5.4.1/../../../../arm-none-eabi/lib/armv7e-m/fpu\libg_n.a(lib_a-malloc.o)
 .debug_frame   0x00000470       0x28 c:/program files (x86)/embitz/1.00/share/em_armgcc/bin/../lib/gcc/arm-none-eabi/5.4.1/../../../../arm-none-eabi/lib/armv7e-m/fpu\libg_n.a(lib_a-memcpy-stub.o)
 .debug_frame   0x00000498       0x20 c:/program files (x86)/embitz/1.00/share/em_armgcc/bin/../lib/gcc/arm-none-eabi/5.4.1/../../../../arm-none-eabi/lib/armv7e-m/fpu\libg_n.a(lib_a-memset.o)
 .debug_frame   0x000004b8      0x238 c:/program files (x86)/embitz/1.00/share/em_armgcc/bin/../lib/gcc/arm-none-eabi/5.4.1/../../../../arm-none-eabi/lib/armv7e-m/fpu\libg_n.a(lib_a-mprec.o)
 .debug_frame   0x000006f0       0x2c c:/program files (x86)/embitz/1.00/share/em_armgcc/bin/../lib/gcc/arm-none-eabi/5.4.1/../../../../arm-none-eabi/lib/armv7e-m/fpu\libg_n.a(lib_a-nano-callocr.o)
 .debug_frame   0x0000071c       0x38 c:/program files (x86)/embitz/1.00/share/em_armgcc/bin/../lib/gcc/arm-none-eabi/5.4.1/../../../../arm-none-eabi/lib/armv7e-m/fpu\libg_n.a(lib_a-nano-freer.o)
 .debug_frame   0x00000754       0x2c c:/program files (x86)/embitz/1.00/share/em_armgcc/bin/../lib/gcc/arm-none-eabi/5.4.1/../../../../arm-none-eabi/lib/armv7e-m/fpu\libg_n.a(lib_a-nano-mallocr.o)
 .debug_frame   0x00000780       0xac c:/program files (x86)/embitz/1.00/share/em_armgcc/bin/../lib/gcc/arm-none-eabi/5.4.1/../../../../arm-none-eabi/lib/armv7e-m/fpu\libg_n.a(lib_a-nano-vfprintf.o)
 .debug_frame   0x0000082c       0x2c c:/program files (x86)/embitz/1.00/share/em_armgcc/bin/../lib/gcc/arm-none-eabi/5.4.1/../../../../arm-none-eabi/lib/armv7e-m/fpu\libg_n.a(lib_a-sbrkr.o)
 .debug_frame   0x00000858       0x88 c:/program files (x86)/embitz/1.00/share/em_armgcc/bin/../lib/gcc/arm-none-eabi/5.4.1/../../../../arm-none-eabi/lib/armv7e-m/fpu\libg_n.a(lib_a-stdio.o)
 .debug_frame   0x000008e0       0x40 c:/program files (x86)/embitz/1.00/share/em_armgcc/bin/../lib/gcc/arm-none-eabi/5.4.1/../../../../arm-none-eabi/lib/armv7e-m/fpu\libg_n.a(lib_a-wbuf.o)
 .debug_frame   0x00000920       0x2c c:/program files (x86)/embitz/1.00/share/em_armgcc/bin/../lib/gcc/arm-none-eabi/5.4.1/../../../../arm-none-eabi/lib/armv7e-m/fpu\libg_n.a(lib_a-writer.o)
 .debug_frame   0x0000094c       0x2c c:/program files (x86)/embitz/1.00/share/em_armgcc/bin/../lib/gcc/arm-none-eabi/5.4.1/../../../../arm-none-eabi/lib/armv7e-m/fpu\libg_n.a(lib_a-wsetup.o)
 .debug_frame   0x00000978       0x2c c:/program files (x86)/embitz/1.00/share/em_armgcc/bin/../lib/gcc/arm-none-eabi/5.4.1/../../../../arm-none-eabi/lib/armv7e-m/fpu\libg_n.a(lib_a-closer.o)
 .debug_frame   0x000009a4       0x68 c:/program files (x86)/embitz/1.00/share/em_armgcc/bin/../lib/gcc/arm-none-eabi/5.4.1/../../../../arm-none-eabi/lib/armv7e-m/fpu\libg_n.a(lib_a-fflush.o)
 .debug_frame   0x00000a0c       0x2c c:/program files (x86)/embitz/1.00/share/em_armgcc/bin/../lib/gcc/arm-none-eabi/5.4.1/../../../../arm-none-eabi/lib/armv7e-m/fpu\libg_n.a(lib_a-lseekr.o)
 .debug_frame   0x00000a38       0x54 c:/program files (x86)/embitz/1.00/share/em_armgcc/bin/../lib/gcc/arm-none-eabi/5.4.1/../../../../arm-none-eabi/lib/armv7e-m/fpu\libg_n.a(lib_a-makebuf.o)
 .debug_frame   0x00000a8c       0x30 c:/program files (x86)/embitz/1.00/share/em_armgcc/bin/../lib/gcc/arm-none-eabi/5.4.1/../../../../arm-none-eabi/lib/armv7e-m/fpu\libg_n.a(lib_a-mlock.o)
 .debug_frame   0x00000abc       0x2c c:/program files (x86)/embitz/1.00/share/em_armgcc/bin/../lib/gcc/arm-none-eabi/5.4.1/../../../../arm-none-eabi/lib/armv7e-m/fpu\libg_n.a(lib_a-readr.o)
 .debug_frame   0x00000ae8       0x5c c:/program files (x86)/embitz/1.00/share/em_armgcc/bin/../lib/gcc/arm-none-eabi/5.4.1/../../../../arm-none-eabi/lib/armv7e-m/fpu\libg_n.a(lib_a-reent.o)
 .debug_frame   0x00000b44       0x2c c:/program files (x86)/embitz/1.00/share/em_armgcc/bin/../lib/gcc/arm-none-eabi/5.4.1/../../../../arm-none-eabi/lib/armv7e-m/fpu\libg_n.a(lib_a-fstatr.o)
 .debug_frame   0x00000b70       0x2c c:/program files (x86)/embitz/1.00/share/em_armgcc/bin/../lib/gcc/arm-none-eabi/5.4.1/../../../../arm-none-eabi/lib/armv7e-m/fpu\libg_n.a(lib_a-isattyr.o)
 .debug_frame   0x00000b9c       0x20 c:/program files (x86)/embitz/1.00/share/em_armgcc/bin/../lib/gcc/arm-none-eabi/5.4.1/../../../../arm-none-eabi/lib/armv7e-m/fpu\libnosys_s.a(close.o)
 .debug_frame   0x00000bbc       0x20 c:/program files (x86)/embitz/1.00/share/em_armgcc/bin/../lib/gcc/arm-none-eabi/5.4.1/../../../../arm-none-eabi/lib/armv7e-m/fpu\libnosys_s.a(fstat.o)
 .debug_frame   0x00000bdc       0x20 c:/program files (x86)/embitz/1.00/share/em_armgcc/bin/../lib/gcc/arm-none-eabi/5.4.1/../../../../arm-none-eabi/lib/armv7e-m/fpu\libnosys_s.a(isatty.o)
 .debug_frame   0x00000bfc       0x20 c:/program files (x86)/embitz/1.00/share/em_armgcc/bin/../lib/gcc/arm-none-eabi/5.4.1/../../../../arm-none-eabi/lib/armv7e-m/fpu\libnosys_s.a(lseek.o)
 .debug_frame   0x00000c1c       0x20 c:/program files (x86)/embitz/1.00/share/em_armgcc/bin/../lib/gcc/arm-none-eabi/5.4.1/../../../../arm-none-eabi/lib/armv7e-m/fpu\libnosys_s.a(read.o)
 .debug_frame   0x00000c3c       0x20 c:/program files (x86)/embitz/1.00/share/em_armgcc/bin/../lib/gcc/arm-none-eabi/5.4.1/../../../../arm-none-eabi/lib/armv7e-m/fpu\libnosys_s.a(sbrk.o)

.stab           0x00000000       0x84
 .stab          0x00000000       0x24 c:/program files (x86)/embitz/1.00/share/em_armgcc/bin/../lib/gcc/arm-none-eabi/5.4.1/../../../../arm-none-eabi/lib/armv7e-m/fpu\libnosys_s.a(close.o)
 .stab          0x00000024       0x18 c:/program files (x86)/embitz/1.00/share/em_armgcc/bin/../lib/gcc/arm-none-eabi/5.4.1/../../../../arm-none-eabi/lib/armv7e-m/fpu\libnosys_s.a(fstat.o)
                                 0x24 (size before relaxing)
 .stab          0x0000003c       0x18 c:/program files (x86)/embitz/1.00/share/em_armgcc/bin/../lib/gcc/arm-none-eabi/5.4.1/../../../../arm-none-eabi/lib/armv7e-m/fpu\libnosys_s.a(isatty.o)
                                 0x24 (size before relaxing)
 .stab          0x00000054       0x18 c:/program files (x86)/embitz/1.00/share/em_armgcc/bin/../lib/gcc/arm-none-eabi/5.4.1/../../../../arm-none-eabi/lib/armv7e-m/fpu\libnosys_s.a(lseek.o)
                                 0x24 (size before relaxing)
 .stab          0x0000006c       0x18 c:/program files (x86)/embitz/1.00/share/em_armgcc/bin/../lib/gcc/arm-none-eabi/5.4.1/../../../../arm-none-eabi/lib/armv7e-m/fpu\libnosys_s.a(read.o)
                                 0x24 (size before relaxing)

.stabstr        0x00000000      0x117
 .stabstr       0x00000000      0x117 c:/program files (x86)/embitz/1.00/share/em_armgcc/bin/../lib/gcc/arm-none-eabi/5.4.1/../../../../arm-none-eabi/lib/armv7e-m/fpu\libnosys_s.a(close.o)
